Component: ARM Compiler 5.06 update 7 (build 960) Tool: armlink [4d3601]

==============================================================================

Section Cross References

    main.o(i.AutoMode_Control) refers to ax_delay.o(i.AX_DELAY_GetTick) for AX_DELAY_GetTick
    main.o(i.AutoMode_Control) refers to printf6.o(i.__0printf$6) for __2printf
    main.o(i.AutoMode_Control) refers to main.o(i.DifferentialDrive_SetSpeed) for DifferentialDrive_SetSpeed
    main.o(i.AutoMode_Control) refers to main.o(.data) for auto_action
    main.o(i.CheckModeSwitch) refers to ax_pwm_input.o(i.AX_PWM_INPUT_IsValid) for AX_PWM_INPUT_IsValid
    main.o(i.CheckModeSwitch) refers to ax_pwm_input.o(i.AX_PWM_INPUT_GetPercent) for AX_PWM_INPUT_GetPercent
    main.o(i.CheckModeSwitch) refers to ax_delay.o(i.AX_DELAY_GetTick) for AX_DELAY_GetTick
    main.o(i.CheckModeSwitch) refers to printf6.o(i.__0printf$6) for __2printf
    main.o(i.CheckModeSwitch) refers to main.o(.data) for control_mode
    main.o(i.DifferentialDrive_SetSpeed) refers to ax_motor.o(i.AX_MOTOR_B_SetSpeed) for AX_MOTOR_B_SetSpeed
    main.o(i.DifferentialDrive_SetSpeed) refers to ax_motor.o(i.AX_MOTOR_A_SetSpeed) for AX_MOTOR_A_SetSpeed
    main.o(i.RCMode_Control) refers to ax_delay.o(i.AX_DELAY_GetTick) for AX_DELAY_GetTick
    main.o(i.RCMode_Control) refers to ax_pwm_input.o(i.AX_PWM_INPUT_IsValid) for AX_PWM_INPUT_IsValid
    main.o(i.RCMode_Control) refers to ax_pwm_input.o(i.AX_PWM_INPUT_GetPercent) for AX_PWM_INPUT_GetPercent
    main.o(i.RCMode_Control) refers to main.o(i.RC_DifferentialControl) for RC_DifferentialControl
    main.o(i.RCMode_Control) refers to printf6.o(i.__0printf$6) for __2printf
    main.o(i.RCMode_Control) refers to main.o(i.DifferentialDrive_SetSpeed) for DifferentialDrive_SetSpeed
    main.o(i.RCMode_Control) refers to main.o(.data) for last_rc_time
    main.o(i.RC_DifferentialControl) refers to main.o(i.DifferentialDrive_SetSpeed) for DifferentialDrive_SetSpeed
    main.o(i.main) refers to ax_delay.o(i.AX_DELAY_Init) for AX_DELAY_Init
    main.o(i.main) refers to ax_uart.o(i.AX_UART_Init) for AX_UART_Init
    main.o(i.main) refers to printf6.o(i.__0printf$6) for __2printf
    main.o(i.main) refers to ax_sys.o(i.AX_JTAG_Set) for AX_JTAG_Set
    main.o(i.main) refers to ax_motor.o(i.AX_MOTOR_Init) for AX_MOTOR_Init
    main.o(i.main) refers to ax_encoder.o(i.AX_ENCODER_A_Init) for AX_ENCODER_A_Init
    main.o(i.main) refers to ax_encoder.o(i.AX_ENCODER_B_Init) for AX_ENCODER_B_Init
    main.o(i.main) refers to ax_vin.o(i.AX_VIN_Init) for AX_VIN_Init
    main.o(i.main) refers to ax_pwm_input.o(i.AX_PWM_INPUT_Init) for AX_PWM_INPUT_Init
    main.o(i.main) refers to ax_delay.o(i.AX_DELAY_GetTick) for AX_DELAY_GetTick
    main.o(i.main) refers to main.o(i.CheckModeSwitch) for CheckModeSwitch
    main.o(i.main) refers to main.o(i.RCMode_Control) for RCMode_Control
    main.o(i.main) refers to main.o(i.AutoMode_Control) for AutoMode_Control
    main.o(i.main) refers to ax_encoder.o(i.AX_ENCODER_A_GetCounter) for AX_ENCODER_A_GetCounter
    main.o(i.main) refers to ax_encoder.o(i.AX_ENCODER_B_GetCounter) for AX_ENCODER_B_GetCounter
    main.o(i.main) refers to ax_encoder.o(i.AX_ENCODER_A_SetCounter) for AX_ENCODER_A_SetCounter
    main.o(i.main) refers to ax_encoder.o(i.AX_ENCODER_B_SetCounter) for AX_ENCODER_B_SetCounter
    main.o(i.main) refers to ax_vin.o(i.AX_VIN_GetVol_X100) for AX_VIN_GetVol_X100
    main.o(i.main) refers to ax_pwm_input.o(i.AX_PWM_INPUT_GetPulse) for AX_PWM_INPUT_GetPulse
    main.o(i.main) refers to ax_pwm_input.o(i.AX_PWM_INPUT_GetPercent) for AX_PWM_INPUT_GetPercent
    main.o(i.main) refers to ax_delay.o(i.AX_Delayms) for AX_Delayms
    main.o(i.main) refers to main.o(.data) for auto_action_timer
    stm32f10x_it.o(i.SysTick_Handler) refers to ax_delay.o(.data) for uwTick
    system_stm32f10x.o(i.SetSysClock) refers to system_stm32f10x.o(i.SetSysClockTo72) for SetSysClockTo72
    system_stm32f10x.o(i.SystemCoreClockUpdate) refers to system_stm32f10x.o(.data) for SystemCoreClock
    system_stm32f10x.o(i.SystemInit) refers to system_stm32f10x.o(i.SetSysClock) for SetSysClock
    ax_delay.o(i.AX_DELAY_GetTick) refers to ax_delay.o(.data) for uwTick
    ax_delay.o(i.AX_DELAY_Init) refers to system_stm32f10x.o(.data) for SystemCoreClock
    ax_delay.o(i.AX_Delayms) refers to ax_delay.o(i.Delay_ms) for Delay_ms
    ax_encoder.o(i.AX_ENCODER_A_GetCounter) refers to stm32f10x_tim.o(i.TIM_GetCounter) for TIM_GetCounter
    ax_encoder.o(i.AX_ENCODER_A_Init) refers to stm32f10x_rcc.o(i.RCC_APB2PeriphClockCmd) for RCC_APB2PeriphClockCmd
    ax_encoder.o(i.AX_ENCODER_A_Init) refers to stm32f10x_gpio.o(i.GPIO_Init) for GPIO_Init
    ax_encoder.o(i.AX_ENCODER_A_Init) refers to stm32f10x_rcc.o(i.RCC_APB1PeriphClockCmd) for RCC_APB1PeriphClockCmd
    ax_encoder.o(i.AX_ENCODER_A_Init) refers to stm32f10x_tim.o(i.TIM_DeInit) for TIM_DeInit
[...]
    Removing stm32f10x_adc.o(i.ADC_AnalogWatchdogCmd), (20 bytes).
    Removing stm32f10x_adc.o(i.ADC_AnalogWatchdogSingleChannelConfig), (16 bytes).
    Removing stm32f10x_adc.o(i.ADC_AnalogWatchdogThresholdsConfig), (6 bytes).
    Removing stm32f10x_adc.o(i.ADC_AutoInjectedConvCmd), (22 bytes).
    Removing stm32f10x_adc.o(i.ADC_ClearFlag), (6 bytes).
    Removing stm32f10x_adc.o(i.ADC_ClearITPendingBit), (10 bytes).
    Removing stm32f10x_adc.o(i.ADC_DMACmd), (22 bytes).
    Removing stm32f10x_adc.o(i.ADC_DeInit), (92 bytes).
    Removing stm32f10x_adc.o(i.ADC_DiscModeChannelCountConfig), (24 bytes).
    Removing stm32f10x_adc.o(i.ADC_DiscModeCmd), (22 bytes).
    Removing stm32f10x_adc.o(i.ADC_ExternalTrigConvCmd), (22 bytes).
    Removing stm32f10x_adc.o(i.ADC_ExternalTrigInjectedConvCmd), (22 bytes).
    Removing stm32f10x_adc.o(i.ADC_ExternalTrigInjectedConvConfig), (16 bytes).
    Removing stm32f10x_adc.o(i.ADC_GetDualModeConversionValue), (12 bytes).
    Removing stm32f10x_adc.o(i.ADC_GetITStatus), (36 bytes).
    Removing stm32f10x_adc.o(i.ADC_GetInjectedConversionValue), (28 bytes).
    Removing stm32f10x_adc.o(i.ADC_GetSoftwareStartConvStatus), (20 bytes).
    Removing stm32f10x_adc.o(i.ADC_GetSoftwareStartInjectedConvCmdStatus), (20 bytes).
    Removing stm32f10x_adc.o(i.ADC_ITConfig), (24 bytes).
    Removing stm32f10x_adc.o(i.ADC_InjectedChannelConfig), (130 bytes).
    Removing stm32f10x_adc.o(i.ADC_InjectedDiscModeCmd), (22 bytes).
    Removing stm32f10x_adc.o(i.ADC_InjectedSequencerLengthConfig), (24 bytes).
    Removing stm32f10x_adc.o(i.ADC_SetInjectedOffset), (20 bytes).
    Removing stm32f10x_adc.o(i.ADC_SoftwareStartInjectedConvCmd), (22 bytes).
    Removing stm32f10x_adc.o(i.ADC_StructInit), (18 bytes).
    Removing stm32f10x_adc.o(i.ADC_TempSensorVrefintCmd), (36 bytes).
    Removing stm32f10x_bkp.o(i.BKP_ClearFlag), (20 bytes).
    Removing stm32f10x_bkp.o(i.BKP_ClearITPendingBit), (20 bytes).
    Removing stm32f10x_bkp.o(i.BKP_DeInit), (16 bytes).
    Removing stm32f10x_bkp.o(i.BKP_GetFlagStatus), (12 bytes).
    Removing stm32f10x_bkp.o(i.BKP_GetITStatus), (12 bytes).
    Removing stm32f10x_bkp.o(i.BKP_ITConfig), (12 bytes).
    Removing stm32f10x_bkp.o(i.BKP_RTCOutputConfig), (28 bytes).
    Removing stm32f10x_bkp.o(i.BKP_ReadBackupRegister), (28 bytes).
    Removing stm32f10x_bkp.o(i.BKP_SetRTCCalibrationValue), (28 bytes).
    Removing stm32f10x_bkp.o(i.BKP_TamperPinCmd), (12 bytes).
    Removing stm32f10x_bkp.o(i.BKP_TamperPinLevelConfig), (12 bytes).
    Removing stm32f10x_bkp.o(i.BKP_WriteBackupRegister), (28 bytes).
    Removing stm32f10x_can.o(i.CAN_CancelTransmit), (48 bytes).
    Removing stm32f10x_can.o(i.CAN_ClearFlag), (56 bytes).
    Removing stm32f10x_can.o(i.CAN_ClearITPendingBit), (168 bytes).
    Removing stm32f10x_can.o(i.CAN_DBGFreeze), (22 bytes).
    Removing stm32f10x_can.o(i.CAN_DeInit), (56 bytes).
    Removing stm32f10x_can.o(i.CAN_FIFORelease), (22 bytes).
    Removing stm32f10x_can.o(i.CAN_FilterInit), (264 bytes).
    Removing stm32f10x_can.o(i.CAN_GetFlagStatus), (120 bytes).
    Removing stm32f10x_can.o(i.CAN_GetITStatus), (288 bytes).
    Removing stm32f10x_can.o(i.CAN_GetLSBTransmitErrorCounter), (12 bytes).
    Removing stm32f10x_can.o(i.CAN_GetLastErrorCode), (12 bytes).
    Removing stm32f10x_can.o(i.CAN_GetReceiveErrorCounter), (10 bytes).
    Removing stm32f10x_can.o(i.CAN_ITConfig), (18 bytes).
    Removing stm32f10x_can.o(i.CAN_Init), (276 bytes).
    Removing stm32f10x_can.o(i.CAN_MessagePending), (30 bytes).
    Removing stm32f10x_can.o(i.CAN_OperatingModeRequest), (162 bytes).
    Removing stm32f10x_can.o(i.CAN_Receive), (240 bytes).
    Removing stm32f10x_can.o(i.CAN_SlaveStartBank), (52 bytes).
    Removing stm32f10x_can.o(i.CAN_Sleep), (30 bytes).
    Removing stm32f10x_can.o(i.CAN_StructInit), (32 bytes).
    Removing stm32f10x_can.o(i.CAN_TTComModeCmd), (118 bytes).
    Removing stm32f10x_can.o(i.CAN_Transmit), (294 bytes).
    Removing stm32f10x_can.o(i.CAN_TransmitStatus), (160 bytes).
    Removing stm32f10x_can.o(i.CAN_WakeUp), (48 bytes).
    Removing stm32f10x_can.o(i.CheckITStatus), (18 bytes).
    Removing stm32f10x_cec.o(i.CEC_ClearFlag), (36 bytes).
    Removing stm32f10x_cec.o(i.CEC_ClearITPendingBit), (36 bytes).
    Removing stm32f10x_cec.o(i.CEC_Cmd), (32 bytes).
    Removing stm32f10x_cec.o(i.CEC_DeInit), (22 bytes).
    Removing stm32f10x_cec.o(i.CEC_EndOfMessageCmd), (12 bytes).
    Removing stm32f10x_cec.o(i.CEC_GetFlagStatus), (48 bytes).
    Removing stm32f10x_cec.o(i.CEC_GetITStatus), (40 bytes).
    Removing stm32f10x_cec.o(i.CEC_ITConfig), (12 bytes).
    Removing stm32f10x_cec.o(i.CEC_Init), (32 bytes).
    Removing stm32f10x_cec.o(i.CEC_OwnAddressConfig), (12 bytes).
    Removing stm32f10x_cec.o(i.CEC_ReceiveDataByte), (12 bytes).
    Removing stm32f10x_cec.o(i.CEC_SendDataByte), (12 bytes).
    Removing stm32f10x_cec.o(i.CEC_SetPrescaler), (12 bytes).
    Removing stm32f10x_cec.o(i.CEC_StartOfMessage), (12 bytes).
    Removing stm32f10x_crc.o(i.CRC_CalcBlockCRC), (36 bytes).
    Removing stm32f10x_crc.o(i.CRC_CalcCRC), (16 bytes).
    Removing stm32f10x_crc.o(i.CRC_GetCRC), (12 bytes).
    Removing stm32f10x_crc.o(i.CRC_GetIDRegister), (12 bytes).
    Removing stm32f10x_crc.o(i.CRC_ResetDR), (12 bytes).
    Removing stm32f10x_crc.o(i.CRC_SetIDRegister), (12 bytes).
    Removing stm32f10x_dac.o(i.DAC_Cmd), (40 bytes).
    Removing stm32f10x_dac.o(i.DAC_DMACmd), (44 bytes).
    Removing stm32f10x_dac.o(i.DAC_DeInit), (22 bytes).
    Removing stm32f10x_dac.o(i.DAC_DualSoftwareTriggerCmd), (36 bytes).
    Removing stm32f10x_dac.o(i.DAC_GetDataOutputValue), (36 bytes).
    Removing stm32f10x_dac.o(i.DAC_Init), (52 bytes).
    Removing stm32f10x_dac.o(i.DAC_SetChannel1Data), (32 bytes).
    Removing stm32f10x_dac.o(i.DAC_SetChannel2Data), (32 bytes).
    Removing stm32f10x_dac.o(i.DAC_SetDualChannelData), (36 bytes).
    Removing stm32f10x_dac.o(i.DAC_SoftwareTriggerCmd), (44 bytes).
    Removing stm32f10x_dac.o(i.DAC_StructInit), (12 bytes).
    Removing stm32f10x_dac.o(i.DAC_WaveGenerationCmd), (40 bytes).
    Removing stm32f10x_dbgmcu.o(i.DBGMCU_Config), (32 bytes).
    Removing stm32f10x_dbgmcu.o(i.DBGMCU_GetDEVID), (16 bytes).
    Removing stm32f10x_dbgmcu.o(i.DBGMCU_GetREVID), (12 bytes).
    Removing stm32f10x_dma.o(i.DMA_ClearFlag), (28 bytes).
    Removing stm32f10x_dma.o(i.DMA_ClearITPendingBit), (28 bytes).
    Removing stm32f10x_dma.o(i.DMA_Cmd), (24 bytes).
    Removing stm32f10x_dma.o(i.DMA_DeInit), (332 bytes).
    Removing stm32f10x_dma.o(i.DMA_GetCurrDataCounter), (8 bytes).
    Removing stm32f10x_dma.o(i.DMA_GetFlagStatus), (44 bytes).
    Removing stm32f10x_dma.o(i.DMA_GetITStatus), (44 bytes).
    Removing stm32f10x_dma.o(i.DMA_ITConfig), (18 bytes).
    Removing stm32f10x_dma.o(i.DMA_Init), (60 bytes).
    Removing stm32f10x_dma.o(i.DMA_SetCurrDataCounter), (4 bytes).
    Removing stm32f10x_dma.o(i.DMA_StructInit), (26 bytes).
    Removing stm32f10x_exti.o(i.EXTI_ClearFlag), (12 bytes).
    Removing stm32f10x_exti.o(i.EXTI_ClearITPendingBit), (12 bytes).
    Removing stm32f10x_exti.o(i.EXTI_DeInit), (36 bytes).
    Removing stm32f10x_exti.o(i.EXTI_GenerateSWInterrupt), (16 bytes).
    Removing stm32f10x_exti.o(i.EXTI_GetFlagStatus), (24 bytes).
    Removing stm32f10x_exti.o(i.EXTI_GetITStatus), (40 bytes).
    Removing stm32f10x_exti.o(i.EXTI_Init), (148 bytes).
    Removing stm32f10x_exti.o(i.EXTI_StructInit), (16 bytes).
    Removing stm32f10x_flash.o(i.FLASH_ClearFlag), (12 bytes).
    Removing stm32f10x_flash.o(i.FLASH_EnableWriteProtection), (196 bytes).
    Removing stm32f10x_flash.o(i.FLASH_EraseAllBank1Pages), (72 bytes).
    Removing stm32f10x_flash.o(i.FLASH_EraseAllPages), (72 bytes).
    Removing stm32f10x_flash.o(i.FLASH_EraseOptionBytes), (168 bytes).
    Removing stm32f10x_flash.o(i.FLASH_ErasePage), (76 bytes).
    Removing stm32f10x_flash.o(i.FLASH_GetBank1Status), (52 bytes).
    Removing stm32f10x_flash.o(i.FLASH_GetFlagStatus), (48 bytes).
    Removing stm32f10x_flash.o(i.FLASH_GetPrefetchBufferStatus), (24 bytes).
    Removing stm32f10x_flash.o(i.FLASH_GetReadOutProtectionStatus), (24 bytes).
    Removing stm32f10x_flash.o(i.FLASH_GetStatus), (52 bytes).
    Removing stm32f10x_flash.o(i.FLASH_GetUserOptionByte), (12 bytes).
    Removing stm32f10x_flash.o(i.FLASH_GetWriteProtectionOptionByte), (12 bytes).
    Removing stm32f10x_flash.o(i.FLASH_HalfCycleAccessCmd), (28 bytes).
    Removing stm32f10x_flash.o(i.FLASH_ITConfig), (32 bytes).
    Removing stm32f10x_flash.o(i.FLASH_Lock), (20 bytes).
    Removing stm32f10x_flash.o(i.FLASH_LockBank1), (20 bytes).
    Removing stm32f10x_flash.o(i.FLASH_PrefetchBufferCmd), (28 bytes).
    Removing stm32f10x_flash.o(i.FLASH_ProgramHalfWord), (64 bytes).
    Removing stm32f10x_flash.o(i.FLASH_ProgramOptionByteData), (84 bytes).
    Removing stm32f10x_flash.o(i.FLASH_ProgramWord), (108 bytes).
    Removing stm32f10x_flash.o(i.FLASH_ReadOutProtection), (172 bytes).
    Removing stm32f10x_flash.o(i.FLASH_SetLatency), (24 bytes).
    Removing stm32f10x_flash.o(i.FLASH_Unlock), (24 bytes).
    Removing stm32f10x_flash.o(i.FLASH_UnlockBank1), (24 bytes).
    Removing stm32f10x_flash.o(i.FLASH_UserOptionByteConfig), (104 bytes).
    Removing stm32f10x_flash.o(i.FLASH_WaitForLastBank1Operation), (38 bytes).
    Removing stm32f10x_flash.o(i.FLASH_WaitForLastOperation), (38 bytes).
    Removing stm32f10x_fsmc.o(i.FSMC_ClearFlag), (64 bytes).
    Removing stm32f10x_fsmc.o(i.FSMC_ClearITPendingBit), (72 bytes).
    Removing stm32f10x_fsmc.o(i.FSMC_GetECC), (28 bytes).
    Removing stm32f10x_fsmc.o(i.FSMC_GetFlagStatus), (56 bytes).
    Removing stm32f10x_fsmc.o(i.FSMC_GetITStatus), (68 bytes).
    Removing stm32f10x_fsmc.o(i.FSMC_ITConfig), (128 bytes).
    Removing stm32f10x_fsmc.o(i.FSMC_NANDCmd), (92 bytes).
    Removing stm32f10x_fsmc.o(i.FSMC_NANDDeInit), (68 bytes).
    Removing stm32f10x_fsmc.o(i.FSMC_NANDECCCmd), (92 bytes).
    Removing stm32f10x_fsmc.o(i.FSMC_NANDInit), (136 bytes).
    Removing stm32f10x_fsmc.o(i.FSMC_NANDStructInit), (54 bytes).
    Removing stm32f10x_fsmc.o(i.FSMC_NORSRAMCmd), (52 bytes).
    Removing stm32f10x_fsmc.o(i.FSMC_NORSRAMDeInit), (54 bytes).
    Removing stm32f10x_fsmc.o(i.FSMC_NORSRAMInit), (230 bytes).
    Removing stm32f10x_fsmc.o(i.FSMC_NORSRAMStructInit), (114 bytes).
    Removing stm32f10x_fsmc.o(i.FSMC_PCCARDCmd), (48 bytes).
    Removing stm32f10x_fsmc.o(i.FSMC_PCCARDDeInit), (40 bytes).
    Removing stm32f10x_fsmc.o(i.FSMC_PCCARDInit), (132 bytes).
    Removing stm32f10x_fsmc.o(i.FSMC_PCCARDStructInit), (60 bytes).
    Removing stm32f10x_gpio.o(i.GPIO_AFIODeInit), (20 bytes).
    Removing stm32f10x_gpio.o(i.GPIO_DeInit), (200 bytes).
    Removing stm32f10x_gpio.o(i.GPIO_ETH_MediaInterfaceConfig), (12 bytes).
    Removing stm32f10x_gpio.o(i.GPIO_EXTILineConfig), (64 bytes).
    Removing stm32f10x_gpio.o(i.GPIO_EventOutputCmd), (12 bytes).
    Removing stm32f10x_gpio.o(i.GPIO_EventOutputConfig), (32 bytes).
    Removing stm32f10x_gpio.o(i.GPIO_PinLockConfig), (18 bytes).
    Removing stm32f10x_gpio.o(i.GPIO_PinRemapConfig), (144 bytes).
    Removing stm32f10x_gpio.o(i.GPIO_ReadInputData), (8 bytes).
    Removing stm32f10x_gpio.o(i.GPIO_ReadInputDataBit), (18 bytes).
    Removing stm32f10x_gpio.o(i.GPIO_ReadOutputData), (8 bytes).
    Removing stm32f10x_gpio.o(i.GPIO_ReadOutputDataBit), (18 bytes).
    Removing stm32f10x_gpio.o(i.GPIO_StructInit), (16 bytes).
    Removing stm32f10x_gpio.o(i.GPIO_Write), (4 bytes).
    Removing stm32f10x_gpio.o(i.GPIO_WriteBit), (10 bytes).
    Removing stm32f10x_i2c.o(i.I2C_ARPCmd), (24 bytes).
    Removing stm32f10x_i2c.o(i.I2C_AcknowledgeConfig), (24 bytes).
    Removing stm32f10x_i2c.o(i.I2C_CalculatePEC), (24 bytes).
    Removing stm32f10x_i2c.o(i.I2C_CheckEvent), (42 bytes).
    Removing stm32f10x_i2c.o(i.I2C_ClearFlag), (12 bytes).
    Removing stm32f10x_i2c.o(i.I2C_ClearITPendingBit), (12 bytes).
    Removing stm32f10x_i2c.o(i.I2C_Cmd), (24 bytes).
    Removing stm32f10x_i2c.o(i.I2C_DMACmd), (24 bytes).
    Removing stm32f10x_i2c.o(i.I2C_DMALastTransferCmd), (24 bytes).
    Removing stm32f10x_i2c.o(i.I2C_DeInit), (56 bytes).
    Removing stm32f10x_i2c.o(i.I2C_DualAddressCmd), (24 bytes).
    Removing stm32f10x_i2c.o(i.I2C_FastModeDutyCycleConfig), (28 bytes).
    Removing stm32f10x_i2c.o(i.I2C_GeneralCallCmd), (24 bytes).
    Removing stm32f10x_i2c.o(i.I2C_GenerateSTART), (24 bytes).
    Removing stm32f10x_i2c.o(i.I2C_GenerateSTOP), (24 bytes).
    Removing stm32f10x_i2c.o(i.I2C_GetFlagStatus), (58 bytes).
    Removing stm32f10x_i2c.o(i.I2C_GetITStatus), (38 bytes).
    Removing stm32f10x_i2c.o(i.I2C_GetLastEvent), (26 bytes).
    Removing stm32f10x_i2c.o(i.I2C_GetPEC), (8 bytes).
    Removing stm32f10x_i2c.o(i.I2C_ITConfig), (18 bytes).
    Removing stm32f10x_i2c.o(i.I2C_Init), (236 bytes).
    Removing stm32f10x_i2c.o(i.I2C_NACKPositionConfig), (28 bytes).
    Removing stm32f10x_i2c.o(i.I2C_OwnAddress2Config), (22 bytes).
    Removing stm32f10x_i2c.o(i.I2C_PECPositionConfig), (28 bytes).
    Removing stm32f10x_i2c.o(i.I2C_ReadRegister), (22 bytes).
    Removing stm32f10x_i2c.o(i.I2C_ReceiveData), (8 bytes).
    Removing stm32f10x_i2c.o(i.I2C_SMBusAlertConfig), (28 bytes).
    Removing stm32f10x_i2c.o(i.I2C_Send7bitAddress), (18 bytes).
    Removing stm32f10x_i2c.o(i.I2C_SendData), (4 bytes).
    Removing stm32f10x_i2c.o(i.I2C_SoftwareResetCmd), (22 bytes).
    Removing stm32f10x_i2c.o(i.I2C_StretchClockCmd), (24 bytes).
    Removing stm32f10x_i2c.o(i.I2C_StructInit), (30 bytes).
    Removing stm32f10x_i2c.o(i.I2C_TransmitPEC), (24 bytes).
    Removing stm32f10x_iwdg.o(i.IWDG_Enable), (16 bytes).
    Removing stm32f10x_iwdg.o(i.IWDG_GetFlagStatus), (24 bytes).
    Removing stm32f10x_iwdg.o(i.IWDG_ReloadCounter), (16 bytes).
    Removing stm32f10x_iwdg.o(i.IWDG_SetPrescaler), (12 bytes).
    Removing stm32f10x_iwdg.o(i.IWDG_SetReload), (12 bytes).
    Removing stm32f10x_iwdg.o(i.IWDG_WriteAccessCmd), (12 bytes).
    Removing stm32f10x_pwr.o(i.PWR_BackupAccessCmd), (12 bytes).
    Removing stm32f10x_pwr.o(i.PWR_ClearFlag), (20 bytes).
    Removing stm32f10x_pwr.o(i.PWR_DeInit), (22 bytes).
    Removing stm32f10x_pwr.o(i.PWR_EnterSTANDBYMode), (52 bytes).
    Removing stm32f10x_pwr.o(i.PWR_EnterSTOPMode), (64 bytes).
    Removing stm32f10x_pwr.o(i.PWR_GetFlagStatus), (24 bytes).
    Removing stm32f10x_pwr.o(i.PWR_PVDCmd), (12 bytes).
    Removing stm32f10x_pwr.o(i.PWR_PVDLevelConfig), (24 bytes).
    Removing stm32f10x_pwr.o(i.PWR_WakeUpPinCmd), (12 bytes).
    Removing stm32f10x_rcc.o(i.RCC_AHBPeriphClockCmd), (32 bytes).
    Removing stm32f10x_rcc.o(i.RCC_AdjustHSICalibrationValue), (24 bytes).
    Removing stm32f10x_rcc.o(i.RCC_BackupResetCmd), (12 bytes).
    Removing stm32f10x_rcc.o(i.RCC_ClearFlag), (20 bytes).
    Removing stm32f10x_rcc.o(i.RCC_ClearITPendingBit), (12 bytes).
    Removing stm32f10x_rcc.o(i.RCC_ClockSecuritySystemCmd), (12 bytes).
    Removing stm32f10x_rcc.o(i.RCC_DeInit), (76 bytes).
    Removing stm32f10x_rcc.o(i.RCC_GetFlagStatus), (60 bytes).
    Removing stm32f10x_rcc.o(i.RCC_GetITStatus), (24 bytes).
    Removing stm32f10x_rcc.o(i.RCC_GetSYSCLKSource), (16 bytes).
    Removing stm32f10x_rcc.o(i.RCC_HCLKConfig), (24 bytes).
    Removing stm32f10x_rcc.o(i.RCC_HSEConfig), (76 bytes).
    Removing stm32f10x_rcc.o(i.RCC_HSICmd), (12 bytes).
    Removing stm32f10x_rcc.o(i.RCC_ITConfig), (32 bytes).
    Removing stm32f10x_rcc.o(i.RCC_LSEConfig), (52 bytes).
    Removing stm32f10x_rcc.o(i.RCC_LSICmd), (12 bytes).
    Removing stm32f10x_rcc.o(i.RCC_MCOConfig), (12 bytes).
    Removing stm32f10x_rcc.o(i.RCC_PCLK1Config), (24 bytes).
    Removing stm32f10x_rcc.o(i.RCC_PCLK2Config), (24 bytes).
    Removing stm32f10x_rcc.o(i.RCC_PLLCmd), (12 bytes).
    Removing stm32f10x_rcc.o(i.RCC_PLLConfig), (28 bytes).
    Removing stm32f10x_rcc.o(i.RCC_RTCCLKCmd), (12 bytes).
    Removing stm32f10x_rcc.o(i.RCC_RTCCLKConfig), (16 bytes).
    Removing stm32f10x_rcc.o(i.RCC_SYSCLKConfig), (24 bytes).
    Removing stm32f10x_rcc.o(i.RCC_USBCLKConfig), (12 bytes).
    Removing stm32f10x_rcc.o(i.RCC_WaitForHSEStartUp), (56 bytes).
    Removing stm32f10x_rtc.o(i.RTC_ClearFlag), (16 bytes).
    Removing stm32f10x_rtc.o(i.RTC_ClearITPendingBit), (16 bytes).
    Removing stm32f10x_rtc.o(i.RTC_EnterConfigMode), (20 bytes).
    Removing stm32f10x_rtc.o(i.RTC_ExitConfigMode), (20 bytes).
    Removing stm32f10x_rtc.o(i.RTC_GetCounter), (20 bytes).
    Removing stm32f10x_rtc.o(i.RTC_GetDivider), (24 bytes).
    Removing stm32f10x_rtc.o(i.RTC_GetFlagStatus), (24 bytes).
    Removing stm32f10x_rtc.o(i.RTC_GetITStatus), (36 bytes).
    Removing stm32f10x_rtc.o(i.RTC_ITConfig), (32 bytes).
    Removing stm32f10x_rtc.o(i.RTC_SetAlarm), (28 bytes).
    Removing stm32f10x_rtc.o(i.RTC_SetCounter), (28 bytes).
    Removing stm32f10x_rtc.o(i.RTC_SetPrescaler), (32 bytes).
    Removing stm32f10x_rtc.o(i.RTC_WaitForLastTask), (20 bytes).
    Removing stm32f10x_rtc.o(i.RTC_WaitForSynchro), (36 bytes).
    Removing stm32f10x_sdio.o(i.SDIO_CEATAITCmd), (16 bytes).
    Removing stm32f10x_sdio.o(i.SDIO_ClearFlag), (12 bytes).
    Removing stm32f10x_sdio.o(i.SDIO_ClearITPendingBit), (12 bytes).
    Removing stm32f10x_sdio.o(i.SDIO_ClockCmd), (12 bytes).
    Removing stm32f10x_sdio.o(i.SDIO_CmdStructInit), (14 bytes).
    Removing stm32f10x_sdio.o(i.SDIO_CommandCompletionCmd), (12 bytes).
    Removing stm32f10x_sdio.o(i.SDIO_DMACmd), (12 bytes).
    Removing stm32f10x_sdio.o(i.SDIO_DataConfig), (48 bytes).
    Removing stm32f10x_sdio.o(i.SDIO_DataStructInit), (20 bytes).
    Removing stm32f10x_sdio.o(i.SDIO_DeInit), (36 bytes).
    Removing stm32f10x_sdio.o(i.SDIO_GetCommandResponse), (12 bytes).
    Removing stm32f10x_sdio.o(i.SDIO_GetDataCounter), (12 bytes).
    Removing stm32f10x_sdio.o(i.SDIO_GetFIFOCount), (12 bytes).
    Removing stm32f10x_sdio.o(i.SDIO_GetFlagStatus), (24 bytes).
    Removing stm32f10x_sdio.o(i.SDIO_GetITStatus), (24 bytes).
    Removing stm32f10x_sdio.o(i.SDIO_GetPowerState), (16 bytes).
    Removing stm32f10x_sdio.o(i.SDIO_GetResponse), (24 bytes).
    Removing stm32f10x_sdio.o(i.SDIO_ITConfig), (32 bytes).
    Removing stm32f10x_sdio.o(i.SDIO_Init), (48 bytes).
    Removing stm32f10x_sdio.o(i.SDIO_ReadData), (12 bytes).
    Removing stm32f10x_sdio.o(i.SDIO_SendCEATACmd), (12 bytes).
    Removing stm32f10x_sdio.o(i.SDIO_SendCommand), (44 bytes).
    Removing stm32f10x_sdio.o(i.SDIO_SendSDIOSuspendCmd), (12 bytes).
    Removing stm32f10x_sdio.o(i.SDIO_SetPowerState), (28 bytes).
    Removing stm32f10x_sdio.o(i.SDIO_SetSDIOOperation), (12 bytes).
    Removing stm32f10x_sdio.o(i.SDIO_SetSDIOReadWaitMode), (12 bytes).
    Removing stm32f10x_sdio.o(i.SDIO_StartSDIOReadWait), (12 bytes).
    Removing stm32f10x_sdio.o(i.SDIO_StopSDIOReadWait), (12 bytes).
    Removing stm32f10x_sdio.o(i.SDIO_StructInit), (16 bytes).
    Removing stm32f10x_sdio.o(i.SDIO_WriteData), (12 bytes).
    Removing stm32f10x_spi.o(i.I2S_Cmd), (24 bytes).
    Removing stm32f10x_spi.o(i.I2S_Init), (232 bytes).
    Removing stm32f10x_spi.o(i.I2S_StructInit), (20 bytes).
    Removing stm32f10x_spi.o(i.SPI_BiDirectionalLineConfig), (28 bytes).
    Removing stm32f10x_spi.o(i.SPI_CalculateCRC), (24 bytes).
    Removing stm32f10x_spi.o(i.SPI_Cmd), (24 bytes).
    Removing stm32f10x_spi.o(i.SPI_DataSizeConfig), (18 bytes).
    Removing stm32f10x_spi.o(i.SPI_GetCRC), (16 bytes).
    Removing stm32f10x_spi.o(i.SPI_GetCRCPolynomial), (6 bytes).
    Removing stm32f10x_spi.o(i.SPI_I2S_ClearFlag), (6 bytes).
    Removing stm32f10x_spi.o(i.SPI_I2S_ClearITPendingBit), (20 bytes).
    Removing stm32f10x_spi.o(i.SPI_I2S_DMACmd), (18 bytes).
    Removing stm32f10x_spi.o(i.SPI_I2S_DeInit), (88 bytes).
    Removing stm32f10x_spi.o(i.SPI_I2S_GetFlagStatus), (18 bytes).
    Removing stm32f10x_spi.o(i.SPI_I2S_GetITStatus), (52 bytes).
    Removing stm32f10x_spi.o(i.SPI_I2S_ITConfig), (32 bytes).
    Removing stm32f10x_spi.o(i.SPI_I2S_ReceiveData), (6 bytes).
    Removing stm32f10x_spi.o(i.SPI_I2S_SendData), (4 bytes).
    Removing stm32f10x_spi.o(i.SPI_Init), (60 bytes).
    Removing stm32f10x_spi.o(i.SPI_NSSInternalSoftwareConfig), (30 bytes).
    Removing stm32f10x_spi.o(i.SPI_SSOutputCmd), (24 bytes).
    Removing stm32f10x_spi.o(i.SPI_StructInit), (24 bytes).
    Removing stm32f10x_spi.o(i.SPI_TransmitCRC), (10 bytes).
    Removing stm32f10x_tim.o(i.TIM_ARRPreloadConfig), (24 bytes).
    Removing stm32f10x_tim.o(i.TIM_BDTRConfig), (32 bytes).
    Removing stm32f10x_tim.o(i.TIM_BDTRStructInit), (18 bytes).
    Removing stm32f10x_tim.o(i.TIM_CCPreloadControl), (24 bytes).
    Removing stm32f10x_tim.o(i.TIM_CCxCmd), (30 bytes).
    Removing stm32f10x_tim.o(i.TIM_CCxNCmd), (30 bytes).
    Removing stm32f10x_tim.o(i.TIM_ClearFlag), (6 bytes).
    Removing stm32f10x_tim.o(i.TIM_ClearOC1Ref), (18 bytes).
    Removing stm32f10x_tim.o(i.TIM_ClearOC2Ref), (24 bytes).
    Removing stm32f10x_tim.o(i.TIM_ClearOC3Ref), (18 bytes).
    Removing stm32f10x_tim.o(i.TIM_ClearOC4Ref), (24 bytes).
    Removing stm32f10x_tim.o(i.TIM_CounterModeConfig), (18 bytes).
    Removing stm32f10x_tim.o(i.TIM_DMACmd), (18 bytes).
    Removing stm32f10x_tim.o(i.TIM_DMAConfig), (10 bytes).
    Removing stm32f10x_tim.o(i.TIM_ETRClockMode1Config), (54 bytes).
    Removing stm32f10x_tim.o(i.TIM_ETRClockMode2Config), (32 bytes).
    Removing stm32f10x_tim.o(i.TIM_ETRConfig), (28 bytes).
    Removing stm32f10x_tim.o(i.TIM_ForcedOC1Config), (18 bytes).
    Removing stm32f10x_tim.o(i.TIM_ForcedOC2Config), (26 bytes).
    Removing stm32f10x_tim.o(i.TIM_ForcedOC3Config), (18 bytes).
    Removing stm32f10x_tim.o(i.TIM_ForcedOC4Config), (26 bytes).
    Removing stm32f10x_tim.o(i.TIM_GenerateEvent), (4 bytes).
    Removing stm32f10x_tim.o(i.TIM_GetCapture3), (6 bytes).
    Removing stm32f10x_tim.o(i.TIM_GetCapture4), (8 bytes).
    Removing stm32f10x_tim.o(i.TIM_GetFlagStatus), (18 bytes).
    Removing stm32f10x_tim.o(i.TIM_GetPrescaler), (6 bytes).
    Removing stm32f10x_tim.o(i.TIM_ITRxExternalClockConfig), (24 bytes).
    Removing stm32f10x_tim.o(i.TIM_InternalClockConfig), (12 bytes).
    Removing stm32f10x_tim.o(i.TIM_OC1FastConfig), (18 bytes).
    Removing stm32f10x_tim.o(i.TIM_OC1NPolarityConfig), (18 bytes).
    Removing stm32f10x_tim.o(i.TIM_OC2FastConfig), (26 bytes).
    Removing stm32f10x_tim.o(i.TIM_OC2Init), (164 bytes).
    Removing stm32f10x_tim.o(i.TIM_OC2NPolarityConfig), (26 bytes).
    Removing stm32f10x_tim.o(i.TIM_OC2PreloadConfig), (26 bytes).
    Removing stm32f10x_tim.o(i.TIM_OC3FastConfig), (18 bytes).
    Removing stm32f10x_tim.o(i.TIM_OC3Init), (160 bytes).
    Removing stm32f10x_tim.o(i.TIM_OC3NPolarityConfig), (26 bytes).
    Removing stm32f10x_tim.o(i.TIM_OC3PolarityConfig), (26 bytes).
    Removing stm32f10x_tim.o(i.TIM_OC3PreloadConfig), (18 bytes).
    Removing stm32f10x_tim.o(i.TIM_OC4FastConfig), (26 bytes).
    Removing stm32f10x_tim.o(i.TIM_OC4PolarityConfig), (26 bytes).
    Removing stm32f10x_tim.o(i.TIM_OCStructInit), (20 bytes).
    Removing stm32f10x_tim.o(i.TIM_PWMIConfig), (124 bytes).
    Removing stm32f10x_tim.o(i.TIM_PrescalerConfig), (6 bytes).
    Removing stm32f10x_tim.o(i.TIM_SelectCCDMA), (24 bytes).
    Removing stm32f10x_tim.o(i.TIM_SelectCOM), (24 bytes).
    Removing stm32f10x_tim.o(i.TIM_SelectHallSensor), (24 bytes).
    Removing stm32f10x_tim.o(i.TIM_SelectInputTrigger), (18 bytes).
    Removing stm32f10x_tim.o(i.TIM_SelectMasterSlaveMode), (18 bytes).
    Removing stm32f10x_tim.o(i.TIM_SelectOCxM), (82 bytes).
    Removing stm32f10x_tim.o(i.TIM_SelectOnePulseMode), (18 bytes).
    Removing stm32f10x_tim.o(i.TIM_SelectOutputTrigger), (18 bytes).
    Removing stm32f10x_tim.o(i.TIM_SelectSlaveMode), (18 bytes).
    Removing stm32f10x_tim.o(i.TIM_SetAutoreload), (4 bytes).
    Removing stm32f10x_tim.o(i.TIM_SetClockDivision), (18 bytes).
    Removing stm32f10x_tim.o(i.TIM_SetCompare2), (4 bytes).
    Removing stm32f10x_tim.o(i.TIM_SetCompare3), (4 bytes).
    Removing stm32f10x_tim.o(i.TIM_SetCounter), (4 bytes).
    Removing stm32f10x_tim.o(i.TIM_TIxExternalClockConfig), (62 bytes).
    Removing stm32f10x_tim.o(i.TIM_UpdateDisableConfig), (24 bytes).
    Removing stm32f10x_tim.o(i.TIM_UpdateRequestConfig), (24 bytes).
    Removing stm32f10x_usart.o(i.USART_ClearFlag), (18 bytes).
    Removing stm32f10x_usart.o(i.USART_ClearITPendingBit), (30 bytes).
    Removing stm32f10x_usart.o(i.USART_ClockInit), (34 bytes).
    Removing stm32f10x_usart.o(i.USART_ClockStructInit), (12 bytes).
    Removing stm32f10x_usart.o(i.USART_DMACmd), (18 bytes).
    Removing stm32f10x_usart.o(i.USART_DeInit), (156 bytes).
    Removing stm32f10x_usart.o(i.USART_GetITStatus), (84 bytes).
    Removing stm32f10x_usart.o(i.USART_HalfDuplexCmd), (24 bytes).
    Removing stm32f10x_usart.o(i.USART_ITConfig), (74 bytes).
    Removing stm32f10x_usart.o(i.USART_IrDACmd), (24 bytes).
    Removing stm32f10x_usart.o(i.USART_IrDAConfig), (18 bytes).
    Removing stm32f10x_usart.o(i.USART_LINBreakDetectLengthConfig), (18 bytes).
    Removing stm32f10x_usart.o(i.USART_LINCmd), (24 bytes).
    Removing stm32f10x_usart.o(i.USART_OneBitMethodCmd), (24 bytes).
    Removing stm32f10x_usart.o(i.USART_OverSampling8Cmd), (22 bytes).
    Removing stm32f10x_usart.o(i.USART_ReceiveData), (10 bytes).
    Removing stm32f10x_usart.o(i.USART_ReceiverWakeUpCmd), (24 bytes).
    Removing stm32f10x_usart.o(i.USART_SendBreak), (10 bytes).
    Removing stm32f10x_usart.o(i.USART_SetAddress), (18 bytes).
    Removing stm32f10x_usart.o(i.USART_SetGuardTime), (16 bytes).
    Removing stm32f10x_usart.o(i.USART_SetPrescaler), (16 bytes).
    Removing stm32f10x_usart.o(i.USART_SmartCardCmd), (24 bytes).
    Removing stm32f10x_usart.o(i.USART_SmartCardNACKCmd), (24 bytes).
    Removing stm32f10x_usart.o(i.USART_StructInit), (24 bytes).
    Removing stm32f10x_usart.o(i.USART_WakeUpConfig), (18 bytes).
    Removing stm32f10x_wwdg.o(i.WWDG_ClearFlag), (12 bytes).
    Removing stm32f10x_wwdg.o(i.WWDG_DeInit), (22 bytes).
    Removing stm32f10x_wwdg.o(i.WWDG_Enable), (16 bytes).
    Removing stm32f10x_wwdg.o(i.WWDG_EnableIT), (12 bytes).
    Removing stm32f10x_wwdg.o(i.WWDG_GetFlagStatus), (12 bytes).
    Removing stm32f10x_wwdg.o(i.WWDG_SetCounter), (16 bytes).
    Removing stm32f10x_wwdg.o(i.WWDG_SetPrescaler), (24 bytes).
    Removing stm32f10x_wwdg.o(i.WWDG_SetWindowValue), (40 bytes).
    Removing core_cm3.o(.emb_text), (32 bytes).
    Removing startup_stm32f10x_md.o(HEAP), (512 bytes).
    Removing fadd.o(.text), (176 bytes).
    Removing fmul.o(.text), (100 bytes).
    Removing fflti.o(.text), (18 bytes).
    Removing ffixi.o(.text), (50 bytes).
    Removing fepilogue.o(.text), (110 bytes).
    Removing dadd.o(.text), (334 bytes).
    Removing dmul.o(.text), (228 bytes).
    Removing ddiv.o(.text), (222 bytes).
    Removing dfixul.o(.text), (48 bytes).
    Removing cdrcmple.o(.text), (48 bytes).
    Removing depilogue.o(.text), (186 bytes).

444 unused section(s) (total 18752 bytes) removed from the image.

==============================================================================

Image Symbol Table

    Local Symbols

    Symbol Name                              Value     Ov Type        Size  Object(Section)

    ../clib/microlib/division.c              0x00000000   Number         0  uldiv.o ABSOLUTE
    ../clib/microlib/division.c              0x00000000   Number         0  uidiv.o ABSOLUTE
    ../clib/microlib/init/entry.s            0x00000000   Number         0  entry12a.o ABSOLUTE
    ../clib/microlib/init/entry.s            0x00000000   Number         0  entry7a.o ABSOLUTE
    ../clib/microlib/init/entry.s            0x00000000   Number         0  entry7b.o ABSOLUTE
    ../clib/microlib/init/entry.s            0x00000000   Number         0  entry8a.o ABSOLUTE
    ../clib/microlib/init/entry.s            0x00000000   Number         0  entry8b.o ABSOLUTE
    ../clib/microlib/init/entry.s            0x00000000   Number         0  entry10a.o ABSOLUTE
    ../clib/microlib/init/entry.s            0x00000000   Number         0  entry9a.o ABSOLUTE
    ../clib/microlib/init/entry.s            0x00000000   Number         0  entry10b.o ABSOLUTE
    ../clib/microlib/init/entry.s            0x00000000   Number         0  entry9b.o ABSOLUTE
    ../clib/microlib/init/entry.s            0x00000000   Number         0  entry12b.o ABSOLUTE
    ../clib/microlib/init/entry.s            0x00000000   Number         0  entry11b.o ABSOLUTE
    ../clib/microlib/init/entry.s            0x00000000   Number         0  entry11a.o ABSOLUTE
    ../clib/microlib/init/entry.s            0x00000000   Number         0  entry.o ABSOLUTE
    ../clib/microlib/init/entry.s            0x00000000   Number         0  entry2.o ABSOLUTE
    ../clib/microlib/init/entry.s            0x00000000   Number         0  entry5.o ABSOLUTE
    ../clib/microlib/longlong.c              0x00000000   Number         0  llushr.o ABSOLUTE
    ../clib/microlib/longlong.c              0x00000000   Number         0  llsshr.o ABSOLUTE
    ../clib/microlib/longlong.c              0x00000000   Number         0  llshl.o ABSOLUTE
    ../clib/microlib/printf/printf.c         0x00000000   Number         0  printf0.o ABSOLUTE
    ../clib/microlib/printf/printf.c         0x00000000   Number         0  printfb.o ABSOLUTE
    ../clib/microlib/printf/printf.c         0x00000000   Number         0  printf6.o ABSOLUTE
    ../clib/microlib/printf/printf.c         0x00000000   Number         0  printf5.o ABSOLUTE
    ../clib/microlib/printf/printf.c         0x00000000   Number         0  printf7.o ABSOLUTE
    ../clib/microlib/printf/printf.c         0x00000000   Number         0  printfa.o ABSOLUTE
    ../clib/microlib/printf/printf.c         0x00000000   Number         0  printf8.o ABSOLUTE
    ../clib/microlib/printf/printf.c         0x00000000   Number         0  printf4.o ABSOLUTE
    ../clib/microlib/printf/printf.c         0x00000000   Number         0  printf3.o ABSOLUTE
    ../clib/microlib/printf/printf.c         0x00000000   Number         0  printf2.o ABSOLUTE
    ../clib/microlib/printf/printf.c         0x00000000   Number         0  printf1.o ABSOLUTE
    ../clib/microlib/printf/stubs.s          0x00000000   Number         0  stubs.o ABSOLUTE
    ../clib/microlib/stdio/streams.c         0x00000000   Number         0  stdout.o ABSOLUTE
    ../clib/microlib/stubs.s                 0x00000000   Number         0  iusefp.o ABSOLUTE
    ../fplib/microlib/fpadd.c                0x00000000   Number         0  dadd.o ABSOLUTE
    ../fplib/microlib/fpadd.c                0x00000000   Number         0  fadd.o ABSOLUTE
    ../fplib/microlib/fpdiv.c                0x00000000   Number         0  ddiv.o ABSOLUTE
    ../fplib/microlib/fpepilogue.c           0x00000000   Number         0  fepilogue.o ABSOLUTE
    ../fplib/microlib/fpepilogue.c           0x00000000   Number         0  depilogue.o ABSOLUTE
    ../fplib/microlib/fpfix.c                0x00000000   Number         0  dfixul.o ABSOLUTE
    ../fplib/microlib/fpfix.c                0x00000000   Number         0  ffixi.o ABSOLUTE
    ../fplib/microlib/fpflt.c                0x00000000   Number         0  fflti.o ABSOLUTE
    ../fplib/microlib/fpmul.c                0x00000000   Number         0  fmul.o ABSOLUTE
    ../fplib/microlib/fpmul.c                0x00000000   Number         0  dmul.o ABSOLUTE
    ..\Driver\ax_delay.c                     0x00000000   Number         0  ax_delay.o ABSOLUTE
    ..\Driver\ax_encoder.c                   0x00000000   Number         0  ax_encoder.o ABSOLUTE
    ..\Driver\ax_motor.c                     0x00000000   Number         0  ax_motor.o ABSOLUTE
    ..\Driver\ax_pwm_input.c                 0x00000000   Number         0  ax_pwm_input.o ABSOLUTE
    ..\Driver\ax_rc_motor.c                  0x00000000   Number         0  ax_rc_motor.o ABSOLUTE
    ..\Driver\ax_servo.c                     0x00000000   Number         0  ax_servo.o ABSOLUTE
    ..\Driver\ax_sys.c                       0x00000000   Number         0  ax_sys.o ABSOLUTE
    ..\Driver\ax_uart.c                      0x00000000   Number         0  ax_uart.o ABSOLUTE
    ..\Driver\ax_vin.c                       0x00000000   Number         0  ax_vin.o ABSOLUTE
    ..\Libraries\CMSIS\CM3\CoreSupport\core_cm3.c 0x00000000   Number         0  core_cm3.o ABSOLUTE
    ..\Libraries\CMSIS\CM3\DeviceSupport\ST\STM32F10x\startup\arm\startup_stm32f10x_md.s 0x00000000   Number         0  startup_stm32f10x_md.o ABSOLUTE
    ..\Libraries\STM32F10x_StdPeriph_Driver\src\misc.c 0x00000000   Number         0  misc.o ABSOLUTE
    ..\Libraries\STM32F10x_StdPeriph_Driver\src\stm32f10x_adc.c 0x00000000   Number         0  stm32f10x_adc.o ABSOLUTE
    ..\Libraries\STM32F10x_StdPeriph_Driver\src\stm32f10x_bkp.c 0x00000000   Number         0  stm32f10x_bkp.o ABSOLUTE
    ..\Libraries\STM32F10x_StdPeriph_Driver\src\stm32f10x_can.c 0x00000000   Number         0  stm32f10x_can.o ABSOLUTE
    ..\Libraries\STM32F10x_StdPeriph_Driver\src\stm32f10x_cec.c 0x00000000   Number         0  stm32f10x_cec.o ABSOLUTE
    ..\Libraries\STM32F10x_StdPeriph_Driver\src\stm32f10x_crc.c 0x00000000   Number         0  stm32f10x_crc.o ABSOLUTE
    ..\Libraries\STM32F10x_StdPeriph_Driver\src\stm32f10x_dac.c 0x00000000   Number         0  stm32f10x_dac.o ABSOLUTE
    ..\Libraries\STM32F10x_StdPeriph_Driver\src\stm32f10x_dbgmcu.c 0x00000000   Number         0  stm32f10x_dbgmcu.o ABSOLUTE
    ..\Libraries\STM32F10x_StdPeriph_Driver\src\stm32f10x_dma.c 0x00000000   Number         0  stm32f10x_dma.o ABSOLUTE
    ..\Libraries\STM32F10x_StdPeriph_Driver\src\stm32f10x_exti.c 0x00000000   Number         0  stm32f10x_exti.o ABSOLUTE
    ..\Libraries\STM32F10x_StdPeriph_Driver\src\stm32f10x_flash.c 0x00000000   Number         0  stm32f10x_flash.o ABSOLUTE
    ..\Libraries\STM32F10x_StdPeriph_Driver\src\stm32f10x_fsmc.c 0x00000000   Number         0  stm32f10x_fsmc.o ABSOLUTE
    ..\Libraries\STM32F10x_StdPeriph_Driver\src\stm32f10x_gpio.c 0x00000000   Number         0  stm32f10x_gpio.o ABSOLUTE
    ..\Libraries\STM32F10x_StdPeriph_Driver\src\stm32f10x_i2c.c 0x00000000   Number         0  stm32f10x_i2c.o ABSOLUTE
    ..\Libraries\STM32F10x_StdPeriph_Driver\src\stm32f10x_iwdg.c 0x00000000   Number         0  stm32f10x_iwdg.o ABSOLUTE
    ..\Libraries\STM32F10x_StdPeriph_Driver\src\stm32f10x_pwr.c 0x00000000   Number         0  stm32f10x_pwr.o ABSOLUTE
    ..\Libraries\STM32F10x_StdPeriph_Driver\src\stm32f10x_rcc.c 0x00000000   Number         0  stm32f10x_rcc.o ABSOLUTE
    ..\Libraries\STM32F10x_StdPeriph_Driver\src\stm32f10x_rtc.c 0x00000000   Number         0  stm32f10x_rtc.o ABSOLUTE
    ..\Libraries\STM32F10x_StdPeriph_Driver\src\stm32f10x_sdio.c 0x00000000   Number         0  stm32f10x_sdio.o ABSOLUTE
    ..\Libraries\STM32F10x_StdPeriph_Driver\src\stm32f10x_spi.c 0x00000000   Number         0  stm32f10x_spi.o ABSOLUTE
    ..\Libraries\STM32F10x_StdPeriph_Driver\src\stm32f10x_tim.c 0x00000000   Number         0  stm32f10x_tim.o ABSOLUTE
    ..\Libraries\STM32F10x_StdPeriph_Driver\src\stm32f10x_usart.c 0x00000000   Number         0  stm32f10x_usart.o ABSOLUTE
    ..\Libraries\STM32F10x_StdPeriph_Driver\src\stm32f10x_wwdg.c 0x00000000   Number         0  stm32f10x_wwdg.o ABSOLUTE
    ..\User\main.c                           0x00000000   Number         0  main.o ABSOLUTE
    ..\User\stm32f10x_it.c                   0x00000000   Number         0  stm32f10x_it.o ABSOLUTE
    ..\User\system_stm32f10x.c               0x00000000   Number         0  system_stm32f10x.o ABSOLUTE
    ..\\Libraries\\CMSIS\\CM3\\CoreSupport\\core_cm3.c 0x00000000   Number         0  core_cm3.o ABSOLUTE
    cdrcmple.s                               0x00000000   Number         0  cdrcmple.o ABSOLUTE
    dc.s                                     0x00000000   Number         0  dc.o ABSOLUTE
    handlers.s                               0x00000000   Number         0  handlers.o ABSOLUTE
    init.s                                   0x00000000   Number         0  init.o ABSOLUTE
    RESET                                    0x08000000   Section      236  startup_stm32f10x_md.o(RESET)
    .ARM.Collect$$$$00000000                 0x080000ec   Section        0  entry.o(.ARM.Collect$$$$00000000)
    .ARM.Collect$$$$00000001                 0x080000ec   Section        4  entry2.o(.ARM.Collect$$$$00000001)
    .ARM.Collect$$$$00000004                 0x080000f0   Section        4  entry5.o(.ARM.Collect$$$$00000004)
    .ARM.Collect$$$$00000008                 0x080000f4   Section        0  entry7b.o(.ARM.Collect$$$$00000008)
    .ARM.Collect$$$$0000000A                 0x080000f4   Section        0  entry8b.o(.ARM.Collect$$$$0000000A)
    .ARM.Collect$$$$0000000B                 0x080000f4   Section        8  entry9a.o(.ARM.Collect$$$$0000000B)
    .ARM.Collect$$$$0000000E                 0x080000fc   Section        4  entry12b.o(.ARM.Collect$$$$0000000E)
    .ARM.Collect$$$$0000000F                 0x08000100   Section        0  entry10a.o(.ARM.Collect$$$$0000000F)
    .ARM.Collect$$$$00000011                 0x08000100   Section        0  entry11a.o(.ARM.Collect$$$$00000011)
    .ARM.Collect$$$$00002712                 0x08000100   Section        4  entry2.o(.ARM.Collect$$$$00002712)
    __lit__00000000                          0x08000100   Data           4  entry2.o(.ARM.Collect$$$$00002712)
    .text                                    0x08000104   Section       36  startup_stm32f10x_md.o(.text)
    .text                                    0x08000128   Section        0  uidiv.o(.text)
    .text                                    0x08000154   Section       36  init.o(.text)
    i.ADC_Cmd                                0x08000178   Section        0  stm32f10x_adc.o(i.ADC_Cmd)
    i.ADC_GetCalibrationStatus               0x0800018e   Section        0  stm32f10x_adc.o(i.ADC_GetCalibrationStatus)
    i.ADC_GetConversionValue                 0x080001a2   Section        0  stm32f10x_adc.o(i.ADC_GetConversionValue)
    i.ADC_GetFlagStatus                      0x080001aa   Section        0  stm32f10x_adc.o(i.ADC_GetFlagStatus)
    i.ADC_GetResetCalibrationStatus          0x080001bc   Section        0  stm32f10x_adc.o(i.ADC_GetResetCalibrationStatus)
    i.ADC_Init                               0x080001d0   Section        0  stm32f10x_adc.o(i.ADC_Init)
    i.ADC_RegularChannelConfig               0x08000220   Section        0  stm32f10x_adc.o(i.ADC_RegularChannelConfig)
    i.ADC_ResetCalibration                   0x080002d8   Section        0  stm32f10x_adc.o(i.ADC_ResetCalibration)
    i.ADC_SoftwareStartConvCmd               0x080002e2   Section        0  stm32f10x_adc.o(i.ADC_SoftwareStartConvCmd)
    i.ADC_StartCalibration                   0x080002f8   Section        0  stm32f10x_adc.o(i.ADC_StartCalibration)
    i.AX_DELAY_GetTick                       0x08000304   Section        0  ax_delay.o(i.AX_DELAY_GetTick)
    i.AX_DELAY_Init                          0x08000310   Section        0  ax_delay.o(i.AX_DELAY_Init)
    i.AX_Delayms                             0x08000370   Section        0  ax_delay.o(i.AX_Delayms)
    i.AX_ENCODER_A_GetCounter                0x080003a8   Section        0  ax_encoder.o(i.AX_ENCODER_A_GetCounter)
    i.AX_ENCODER_A_Init                      0x080003b8   Section        0  ax_encoder.o(i.AX_ENCODER_A_Init)
    i.AX_ENCODER_A_SetCounter                0x08000450   Section        0  ax_encoder.o(i.AX_ENCODER_A_SetCounter)
    i.AX_ENCODER_B_GetCounter                0x0800045c   Section        0  ax_encoder.o(i.AX_ENCODER_B_GetCounter)
    i.AX_ENCODER_B_Init                      0x08000468   Section        0  ax_encoder.o(i.AX_ENCODER_B_Init)
    i.AX_ENCODER_B_SetCounter                0x08000504   Section        0  ax_encoder.o(i.AX_ENCODER_B_SetCounter)
    i.AX_JTAG_Set                            0x0800050c   Section        0  ax_sys.o(i.AX_JTAG_Set)
    i.AX_MOTOR_A_SetSpeed                    0x0800053c   Section        0  ax_motor.o(i.AX_MOTOR_A_SetSpeed)
    i.AX_MOTOR_B_SetSpeed                    0x08000598   Section        0  ax_motor.o(i.AX_MOTOR_B_SetSpeed)
    i.AX_MOTOR_Init                          0x080005f8   Section        0  ax_motor.o(i.AX_MOTOR_Init)
    i.AX_PWM_INPUT_GetPercent                0x080006f0   Section        0  ax_pwm_input.o(i.AX_PWM_INPUT_GetPercent)
    i.AX_PWM_INPUT_GetPulse                  0x08000758   Section        0  ax_pwm_input.o(i.AX_PWM_INPUT_GetPulse)
    i.AX_PWM_INPUT_Init                      0x0800077c   Section        0  ax_pwm_input.o(i.AX_PWM_INPUT_Init)
    i.AX_PWM_INPUT_IsValid                   0x08000830   Section        0  ax_pwm_input.o(i.AX_PWM_INPUT_IsValid)
    i.AX_UART_Init                           0x08000870   Section        0  ax_uart.o(i.AX_UART_Init)
    i.AX_VIN_GetVol_X100                     0x080008f0   Section        0  ax_vin.o(i.AX_VIN_GetVol_X100)
    i.AX_VIN_Init                            0x08000934   Section        0  ax_vin.o(i.AX_VIN_Init)
    i.AutoMode_Control                       0x080009cc   Section        0  main.o(i.AutoMode_Control)
    i.BusFault_Handler                       0x08000adc   Section        0  stm32f10x_it.o(i.BusFault_Handler)
    i.CheckModeSwitch                        0x08000ae0   Section        0  main.o(i.CheckModeSwitch)
    i.DebugMon_Handler                       0x08000be0   Section        0  stm32f10x_it.o(i.DebugMon_Handler)
    i.Delay_ms                               0x08000be2   Section        0  ax_delay.o(i.Delay_ms)
    Delay_ms                                 0x08000be3   Thumb Code    72  ax_delay.o(i.Delay_ms)
    i.DifferentialDrive_SetSpeed             0x08000c2c   Section        0  main.o(i.DifferentialDrive_SetSpeed)
    i.GPIO_Init                              0x08000c68   Section        0  stm32f10x_gpio.o(i.GPIO_Init)
    i.GPIO_ResetBits                         0x08000d7e   Section        0  stm32f10x_gpio.o(i.GPIO_ResetBits)
    i.GPIO_SetBits                           0x08000d82   Section        0  stm32f10x_gpio.o(i.GPIO_SetBits)
    i.HardFault_Handler                      0x08000d86   Section        0  stm32f10x_it.o(i.HardFault_Handler)
    i.MemManage_Handler                      0x08000d8a   Section        0  stm32f10x_it.o(i.MemManage_Handler)
    i.NMI_Handler                            0x08000d8e   Section        0  stm32f10x_it.o(i.NMI_Handler)
    i.NVIC_Init                              0x08000d90   Section        0  misc.o(i.NVIC_Init)
    i.PendSV_Handler                         0x08000e00   Section        0  stm32f10x_it.o(i.PendSV_Handler)
    i.RCC_ADCCLKConfig                       0x08000e04   Section        0  stm32f10x_rcc.o(i.RCC_ADCCLKConfig)
    i.RCC_APB1PeriphClockCmd                 0x08000e1c   Section        0  stm32f10x_rcc.o(i.RCC_APB1PeriphClockCmd)
    i.RCC_APB1PeriphResetCmd                 0x08000e3c   Section        0  stm32f10x_rcc.o(i.RCC_APB1PeriphResetCmd)
    i.RCC_APB2PeriphClockCmd                 0x08000e5c   Section        0  stm32f10x_rcc.o(i.RCC_APB2PeriphClockCmd)
    i.RCC_APB2PeriphResetCmd                 0x08000e7c   Section        0  stm32f10x_rcc.o(i.RCC_APB2PeriphResetCmd)
    i.RCC_GetClocksFreq                      0x08000e9c   Section        0  stm32f10x_rcc.o(i.RCC_GetClocksFreq)
    i.RCMode_Control                         0x08000f70   Section        0  main.o(i.RCMode_Control)
    i.RC_DifferentialControl                 0x08001004   Section        0  main.o(i.RC_DifferentialControl)
    i.SVC_Handler                            0x0800105c   Section        0  stm32f10x_it.o(i.SVC_Handler)
    i.SetSysClock                            0x0800105e   Section        0  system_stm32f10x.o(i.SetSysClock)
    SetSysClock                              0x0800105f   Thumb Code     8  system_stm32f10x.o(i.SetSysClock)
    i.SetSysClockTo72                        0x08001068   Section        0  system_stm32f10x.o(i.SetSysClockTo72)
    SetSysClockTo72                          0x08001069   Thumb Code   214  system_stm32f10x.o(i.SetSysClockTo72)
    i.SysTick_Handler                        0x08001148   Section        0  stm32f10x_it.o(i.SysTick_Handler)
    i.SystemInit                             0x08001158   Section        0  system_stm32f10x.o(i.SystemInit)
    i.TI1_Config                             0x080011b8   Section        0  stm32f10x_tim.o(i.TI1_Config)
    TI1_Config                               0x080011b9   Thumb Code   108  stm32f10x_tim.o(i.TI1_Config)
    i.TI2_Config                             0x08001238   Section        0  stm32f10x_tim.o(i.TI2_Config)
    TI2_Config                               0x08001239   Thumb Code   130  stm32f10x_tim.o(i.TI2_Config)
    i.TI3_Config                             0x080012d0   Section        0  stm32f10x_tim.o(i.TI3_Config)
    TI3_Config                               0x080012d1   Thumb Code   122  stm32f10x_tim.o(i.TI3_Config)
    i.TI4_Config                             0x08001360   Section        0  stm32f10x_tim.o(i.TI4_Config)
    TI4_Config                               0x08001361   Thumb Code   130  stm32f10x_tim.o(i.TI4_Config)
    i.TIM4_IRQHandler                        0x080013f8   Section        0  ax_pwm_input.o(i.TIM4_IRQHandler)
    i.TIM_ClearITPendingBit                  0x08001548   Section        0  stm32f10x_tim.o(i.TIM_ClearITPendingBit)
    i.TIM_Cmd                                0x0800154e   Section        0  stm32f10x_tim.o(i.TIM_Cmd)
    i.TIM_CtrlPWMOutputs                     0x08001566   Section        0  stm32f10x_tim.o(i.TIM_CtrlPWMOutputs)
    i.TIM_DeInit                             0x08001584   Section        0  stm32f10x_tim.o(i.TIM_DeInit)
    i.TIM_EncoderInterfaceConfig             0x0800176c   Section        0  stm32f10x_tim.o(i.TIM_EncoderInterfaceConfig)
    i.TIM_GetCapture1                        0x080017ae   Section        0  stm32f10x_tim.o(i.TIM_GetCapture1)
    i.TIM_GetCapture2                        0x080017b4   Section        0  stm32f10x_tim.o(i.TIM_GetCapture2)
    i.TIM_GetCounter                         0x080017ba   Section        0  stm32f10x_tim.o(i.TIM_GetCounter)
    i.TIM_GetITStatus                        0x080017c0   Section        0  stm32f10x_tim.o(i.TIM_GetITStatus)
    i.TIM_ICInit                             0x080017e4   Section        0  stm32f10x_tim.o(i.TIM_ICInit)
    i.TIM_ICStructInit                       0x08001890   Section        0  stm32f10x_tim.o(i.TIM_ICStructInit)
    i.TIM_ITConfig                           0x080018a2   Section        0  stm32f10x_tim.o(i.TIM_ITConfig)
    i.TIM_OC1Init                            0x080018b4   Section        0  stm32f10x_tim.o(i.TIM_OC1Init)
    i.TIM_OC1PolarityConfig                  0x0800194c   Section        0  stm32f10x_tim.o(i.TIM_OC1PolarityConfig)
    i.TIM_OC1PreloadConfig                   0x0800195e   Section        0  stm32f10x_tim.o(i.TIM_OC1PreloadConfig)
    i.TIM_OC2PolarityConfig                  0x08001970   Section        0  stm32f10x_tim.o(i.TIM_OC2PolarityConfig)
    i.TIM_OC4Init                            0x0800198c   Section        0  stm32f10x_tim.o(i.TIM_OC4Init)
    i.TIM_OC4PreloadConfig                   0x08001a08   Section        0  stm32f10x_tim.o(i.TIM_OC4PreloadConfig)
    i.TIM_SetCompare1                        0x08001a22   Section        0  stm32f10x_tim.o(i.TIM_SetCompare1)
    i.TIM_SetCompare4                        0x08001a26   Section        0  stm32f10x_tim.o(i.TIM_SetCompare4)
    i.TIM_SetIC1Prescaler                    0x08001a2c   Section        0  stm32f10x_tim.o(i.TIM_SetIC1Prescaler)
    i.TIM_SetIC2Prescaler                    0x08001a3e   Section        0  stm32f10x_tim.o(i.TIM_SetIC2Prescaler)
    i.TIM_SetIC3Prescaler                    0x08001a58   Section        0  stm32f10x_tim.o(i.TIM_SetIC3Prescaler)
    i.TIM_SetIC4Prescaler                    0x08001a6a   Section        0  stm32f10x_tim.o(i.TIM_SetIC4Prescaler)
    i.TIM_TimeBaseInit                       0x08001a84   Section        0  stm32f10x_tim.o(i.TIM_TimeBaseInit)
    i.TIM_TimeBaseStructInit                 0x08001b28   Section        0  stm32f10x_tim.o(i.TIM_TimeBaseStructInit)
    i.USART_Cmd                              0x08001b3a   Section        0  stm32f10x_usart.o(i.USART_Cmd)
    i.USART_GetFlagStatus                    0x08001b52   Section        0  stm32f10x_usart.o(i.USART_GetFlagStatus)
    i.USART_Init                             0x08001b6c   Section        0  stm32f10x_usart.o(i.USART_Init)
    i.USART_SendData                         0x08001c44   Section        0  stm32f10x_usart.o(i.USART_SendData)
    i.UsageFault_Handler                     0x08001c4c   Section        0  stm32f10x_it.o(i.UsageFault_Handler)
    i.__0printf$6                            0x08001c50   Section        0  printf6.o(i.__0printf$6)
    i.__scatterload_copy                     0x08001c70   Section       14  handlers.o(i.__scatterload_copy)
    i.__scatterload_null                     0x08001c7e   Section        2  handlers.o(i.__scatterload_null)
    i.__scatterload_zeroinit                 0x08001c80   Section       14  handlers.o(i.__scatterload_zeroinit)
    i._printf_core                           0x08001c90   Section        0  printf6.o(i._printf_core)
    _printf_core                             0x08001c91   Thumb Code   748  printf6.o(i._printf_core)
    i._printf_post_padding                   0x08001f80   Section        0  printf6.o(i._printf_post_padding)
    _printf_post_padding                     0x08001f81   Thumb Code    36  printf6.o(i._printf_post_padding)
    i._printf_pre_padding                    0x08001fa4   Section        0  printf6.o(i._printf_pre_padding)
    _printf_pre_padding                      0x08001fa5   Thumb Code    46  printf6.o(i._printf_pre_padding)
    i.fputc                                  0x08001fd4   Section        0  ax_uart.o(i.fputc)
    i.main                                   0x08001ff8   Section        0  main.o(i.main)
    .data                                    0x20000000   Section       17  main.o(.data)
    last_mode                                0x20000010   Data           1  main.o(.data)
    .data                                    0x20000014   Section       20  system_stm32f10x.o(.data)
    .data                                    0x20000028   Section        4  ax_delay.o(.data)
    .data                                    0x2000002c   Section       22  ax_pwm_input.o(.data)
    g_pwm_ch1_period                         0x2000002c   Data           2  ax_pwm_input.o(.data)
    g_pwm_ch1_pulse                          0x2000002e   Data           2  ax_pwm_input.o(.data)
    g_pwm_ch1_timeout                        0x20000030   Data           4  ax_pwm_input.o(.data)
    g_pwm_ch2_period                         0x20000034   Data           2  ax_pwm_input.o(.data)
    g_pwm_ch2_pulse                          0x20000036   Data           2  ax_pwm_input.o(.data)
    g_pwm_ch2_timeout                        0x20000038   Data           4  ax_pwm_input.o(.data)
    ch1_rise_time                            0x2000003c   Data           2  ax_pwm_input.o(.data)
    ch2_rise_time                            0x2000003e   Data           2  ax_pwm_input.o(.data)
    ch1_capture_flag                         0x20000040   Data           1  ax_pwm_input.o(.data)
    ch2_capture_flag                         0x20000041   Data           1  ax_pwm_input.o(.data)
    .data                                    0x20000042   Section       20  stm32f10x_rcc.o(.data)
    APBAHBPrescTable                         0x20000042   Data          16  stm32f10x_rcc.o(.data)
    ADCPrescTable                            0x20000052   Data           4  stm32f10x_rcc.o(.data)
    .data                                    0x20000058   Section        4  stdout.o(.data)
    STACK                                    0x20000060   Section     1024  startup_stm32f10x_md.o(STACK)

    Global Symbols

    Symbol Name                              Value     Ov Type        Size  Object(Section)

    BuildAttributes$$THM_ISAv4$P$D$K$B$S$PE$A:L22UL41UL21$X:L11$S22US41US21$IEEE1$IW$USESV6$~STKCKD$USESV7$~SHL$OTIME$ROPI$EBA8$MICROLIB$REQ8$PRES8$EABIv2 0x00000000   Number         0  anon$$obj.o ABSOLUTE
    __ARM_use_no_argv                        0x00000000   Number         0  main.o ABSOLUTE
    _printf_a                                0x00000000   Number         0  stubs.o ABSOLUTE
    _printf_c                                0x00000000   Number         0  stubs.o ABSOLUTE
    _printf_charcount                        0x00000000   Number         0  stubs.o ABSOLUTE
    _printf_d                                0x00000000   Number         0  stubs.o ABSOLUTE
    _printf_e                                0x00000000   Number         0  stubs.o ABSOLUTE
    _printf_f                                0x00000000   Number         0  stubs.o ABSOLUTE
    _printf_flags                            0x00000000   Number         0  stubs.o ABSOLUTE
    _printf_fp_dec                           0x00000000   Number         0  stubs.o ABSOLUTE
    _printf_fp_hex                           0x00000000   Number         0  stubs.o ABSOLUTE
    _printf_g                                0x00000000   Number         0  stubs.o ABSOLUTE
    _printf_i                                0x00000000   Number         0  stubs.o ABSOLUTE
    _printf_int_dec                          0x00000000   Number         0  stubs.o ABSOLUTE
    _printf_l                                0x00000000   Number         0  stubs.o ABSOLUTE
    _printf_lc                               0x00000000   Number         0  stubs.o ABSOLUTE
    _printf_ll                               0x00000000   Number         0  stubs.o ABSOLUTE
    _printf_lld                              0x00000000   Number         0  stubs.o ABSOLUTE
    _printf_lli                              0x00000000   Number         0  stubs.o ABSOLUTE
    _printf_llo                              0x00000000   Number         0  stubs.o ABSOLUTE
    _printf_llu                              0x00000000   Number         0  stubs.o ABSOLUTE
    _printf_llx                              0x00000000   Number         0  stubs.o ABSOLUTE
    _printf_longlong_dec                     0x00000000   Number         0  stubs.o ABSOLUTE
    _printf_longlong_hex                     0x00000000   Number         0  stubs.o ABSOLUTE
    _printf_longlong_oct                     0x00000000   Number         0  stubs.o ABSOLUTE
    _printf_ls                               0x00000000   Number         0  stubs.o ABSOLUTE
    _printf_mbtowc                           0x00000000   Number         0  stubs.o ABSOLUTE
    _printf_n                                0x00000000   Number         0  stubs.o ABSOLUTE
    _printf_o                                0x00000000   Number         0  stubs.o ABSOLUTE
    _printf_p                                0x00000000   Number         0  stubs.o ABSOLUTE
    _printf_percent                          0x00000000   Number         0  stubs.o ABSOLUTE
    _printf_pre_padding                      0x00000000   Number         0  stubs.o ABSOLUTE
    _printf_return_value                     0x00000000   Number         0  stubs.o ABSOLUTE
    _printf_s                                0x00000000   Number         0  stubs.o ABSOLUTE
    _printf_sizespec                         0x00000000   Number         0  stubs.o ABSOLUTE
    _printf_str                              0x00000000   Number         0  stubs.o ABSOLUTE
    _printf_truncate_signed                  0x00000000   Number         0  stubs.o ABSOLUTE
    _printf_truncate_unsigned                0x00000000   Number         0  stubs.o ABSOLUTE
    _printf_u                                0x00000000   Number         0  stubs.o ABSOLUTE
    _printf_wc                               0x00000000   Number         0  stubs.o ABSOLUTE
    _printf_wctomb                           0x00000000   Number         0  stubs.o ABSOLUTE
    _printf_widthprec                        0x00000000   Number         0  stubs.o ABSOLUTE
    _printf_x                                0x00000000   Number         0  stubs.o ABSOLUTE
    __arm_fini_                               - Undefined Weak Reference
    __cpp_initialize__aeabi_                  - Undefined Weak Reference
    __cxa_finalize                            - Undefined Weak Reference
    __decompress                              - Undefined Weak Reference
    _clock_init                               - Undefined Weak Reference
    _microlib_exit                            - Undefined Weak Reference
    __Vectors_Size                           0x000000ec   Number         0  startup_stm32f10x_md.o ABSOLUTE
    __Vectors                                0x08000000   Data           4  startup_stm32f10x_md.o(RESET)
    __Vectors_End                            0x080000ec   Data           0  startup_stm32f10x_md.o(RESET)
    __main                                   0x080000ed   Thumb Code     0  entry.o(.ARM.Collect$$$$00000000)
    _main_stk                                0x080000ed   Thumb Code     0  entry2.o(.ARM.Collect$$$$00000001)
    _main_scatterload                        0x080000f1   Thumb Code     0  entry5.o(.ARM.Collect$$$$00000004)
    __main_after_scatterload                 0x080000f5   Thumb Code     0  entry5.o(.ARM.Collect$$$$00000004)
    _main_clock                              0x080000f5   Thumb Code     0  entry7b.o(.ARM.Collect$$$$00000008)
    _main_cpp_init                           0x080000f5   Thumb Code     0  entry8b.o(.ARM.Collect$$$$0000000A)
    _main_init                               0x080000f5   Thumb Code     0  entry9a.o(.ARM.Collect$$$$0000000B)
    __rt_lib_shutdown_fini                   0x080000fd   Thumb Code     0  entry12b.o(.ARM.Collect$$$$0000000E)
    __rt_final_cpp                           0x08000101   Thumb Code     0  entry10a.o(.ARM.Collect$$$$0000000F)
    __rt_final_exit                          0x08000101   Thumb Code     0  entry11a.o(.ARM.Collect$$$$00000011)
    Reset_Handler                            0x08000105   Thumb Code     8  startup_stm32f10x_md.o(.text)
    ADC1_2_IRQHandler                        0x0800011f   Thumb Code     0  startup_stm32f10x_md.o(.text)
    CAN1_RX1_IRQHandler                      0x0800011f   Thumb Code     0  startup_stm32f10x_md.o(.text)
    CAN1_SCE_IRQHandler                      0x0800011f   Thumb Code     0  startup_stm32f10x_md.o(.text)
    DMA1_Channel1_IRQHandler                 0x0800011f   Thumb Code     0  startup_stm32f10x_md.o(.text)
    DMA1_Channel2_IRQHandler                 0x0800011f   Thumb Code     0  startup_stm32f10x_md.o(.text)
    DMA1_Channel3_IRQHandler                 0x0800011f   Thumb Code     0  startup_stm32f10x_md.o(.text)
    DMA1_Channel4_IRQHandler                 0x0800011f   Thumb Code     0  startup_stm32f10x_md.o(.text)
    DMA1_Channel5_IRQHandler                 0x0800011f   Thumb Code     0  startup_stm32f10x_md.o(.text)
    DMA1_Channel6_IRQHandler                 0x0800011f   Thumb Code     0  startup_stm32f10x_md.o(.text)
    DMA1_Channel7_IRQHandler                 0x0800011f   Thumb Code     0  startup_stm32f10x_md.o(.text)
    EXTI0_IRQHandler                         0x0800011f   Thumb Code     0  startup_stm32f10x_md.o(.text)
    EXTI15_10_IRQHandler                     0x0800011f   Thumb Code     0  startup_stm32f10x_md.o(.text)
    EXTI1_IRQHandler                         0x0800011f   Thumb Code     0  startup_stm32f10x_md.o(.text)
    EXTI2_IRQHandler                         0x0800011f   Thumb Code     0  startup_stm32f10x_md.o(.text)
    EXTI3_IRQHandler                         0x0800011f   Thumb Code     0  startup_stm32f10x_md.o(.text)
    EXTI4_IRQHandler                         0x0800011f   Thumb Code     0  startup_stm32f10x_md.o(.text)
    EXTI9_5_IRQHandler                       0x0800011f   Thumb Code     0  startup_stm32f10x_md.o(.text)
    FLASH_IRQHandler                         0x0800011f   Thumb Code     0  startup_stm32f10x_md.o(.text)
    I2C1_ER_IRQHandler                       0x0800011f   Thumb Code     0  startup_stm32f10x_md.o(.text)
    I2C1_EV_IRQHandler                       0x0800011f   Thumb Code     0  startup_stm32f10x_md.o(.text)
    I2C2_ER_IRQHandler                       0x0800011f   Thumb Code     0  startup_stm32f10x_md.o(.text)
    I2C2_EV_IRQHandler                       0x0800011f   Thumb Code     0  startup_stm32f10x_md.o(.text)
    PVD_IRQHandler                           0x0800011f   Thumb Code     0  startup_stm32f10x_md.o(.text)
    RCC_IRQHandler                           0x0800011f   Thumb Code     0  startup_stm32f10x_md.o(.text)
    RTCAlarm_IRQHandler                      0x0800011f   Thumb Code     0  startup_stm32f10x_md.o(.text)
    RTC_IRQHandler                           0x0800011f   Thumb Code     0  startup_stm32f10x_md.o(.text)
    SPI1_IRQHandler                          0x0800011f   Thumb Code     0  startup_stm32f10x_md.o(.text)
    SPI2_IRQHandler                          0x0800011f   Thumb Code     0  startup_stm32f10x_md.o(.text)
    TAMPER_IRQHandler                        0x0800011f   Thumb Code     0  startup_stm32f10x_md.o(.text)
    TIM1_BRK_IRQHandler                      0x0800011f   Thumb Code     0  startup_stm32f10x_md.o(.text)
    TIM1_CC_IRQHandler                       0x0800011f   Thumb Code     0  startup_stm32f10x_md.o(.text)
    TIM1_TRG_COM_IRQHandler                  0x0800011f   Thumb Code     0  startup_stm32f10x_md.o(.text)
    TIM1_UP_IRQHandler                       0x0800011f   Thumb Code     0  startup_stm32f10x_md.o(.text)
    TIM2_IRQHandler                          0x0800011f   Thumb Code     0  startup_stm32f10x_md.o(.text)
    TIM3_IRQHandler                          0x0800011f   Thumb Code     0  startup_stm32f10x_md.o(.text)
    USART1_IRQHandler                        0x0800011f   Thumb Code     0  startup_stm32f10x_md.o(.text)
    USART2_IRQHandler                        0x0800011f   Thumb Code     0  startup_stm32f10x_md.o(.text)
    USART3_IRQHandler                        0x0800011f   Thumb Code     0  startup_stm32f10x_md.o(.text)
    USBWakeUp_IRQHandler                     0x0800011f   Thumb Code     0  startup_stm32f10x_md.o(.text)
    USB_HP_CAN1_TX_IRQHandler                0x0800011f   Thumb Code     0  startup_stm32f10x_md.o(.text)
    USB_LP_CAN1_RX0_IRQHandler               0x0800011f   Thumb Code     0  startup_stm32f10x_md.o(.text)
    WWDG_IRQHandler                          0x0800011f   Thumb Code     0  startup_stm32f10x_md.o(.text)
    __aeabi_uidiv                            0x08000129   Thumb Code     0  uidiv.o(.text)
    __aeabi_uidivmod                         0x08000129   Thumb Code    44  uidiv.o(.text)
    __scatterload                            0x08000155   Thumb Code    28  init.o(.text)
    __scatterload_rt2                        0x08000155   Thumb Code     0  init.o(.text)
    ADC_Cmd                                  0x08000179   Thumb Code    22  stm32f10x_adc.o(i.ADC_Cmd)
    ADC_GetCalibrationStatus                 0x0800018f   Thumb Code    20  stm32f10x_adc.o(i.ADC_GetCalibrationStatus)
    ADC_GetConversionValue                   0x080001a3   Thumb Code     8  stm32f10x_adc.o(i.ADC_GetConversionValue)
    ADC_GetFlagStatus                        0x080001ab   Thumb Code    18  stm32f10x_adc.o(i.ADC_GetFlagStatus)
    ADC_GetResetCalibrationStatus            0x080001bd   Thumb Code    20  stm32f10x_adc.o(i.ADC_GetResetCalibrationStatus)
    ADC_Init                                 0x080001d1   Thumb Code    70  stm32f10x_adc.o(i.ADC_Init)
    ADC_RegularChannelConfig                 0x08000221   Thumb Code   184  stm32f10x_adc.o(i.ADC_RegularChannelConfig)
    ADC_ResetCalibration                     0x080002d9   Thumb Code    10  stm32f10x_adc.o(i.ADC_ResetCalibration)
    ADC_SoftwareStartConvCmd                 0x080002e3   Thumb Code    22  stm32f10x_adc.o(i.ADC_SoftwareStartConvCmd)
    ADC_StartCalibration                     0x080002f9   Thumb Code    10  stm32f10x_adc.o(i.ADC_StartCalibration)
    AX_DELAY_GetTick                         0x08000305   Thumb Code     6  ax_delay.o(i.AX_DELAY_GetTick)
    AX_DELAY_Init                            0x08000311   Thumb Code    84  ax_delay.o(i.AX_DELAY_Init)
    AX_Delayms                               0x08000371   Thumb Code    56  ax_delay.o(i.AX_Delayms)
    AX_ENCODER_A_GetCounter                  0x080003a9   Thumb Code    10  ax_encoder.o(i.AX_ENCODER_A_GetCounter)
    AX_ENCODER_A_Init                        0x080003b9   Thumb Code   142  ax_encoder.o(i.AX_ENCODER_A_Init)
    AX_ENCODER_A_SetCounter                  0x08000451   Thumb Code     6  ax_encoder.o(i.AX_ENCODER_A_SetCounter)
    AX_ENCODER_B_GetCounter                  0x0800045d   Thumb Code    12  ax_encoder.o(i.AX_ENCODER_B_GetCounter)
    AX_ENCODER_B_Init                        0x08000469   Thumb Code   150  ax_encoder.o(i.AX_ENCODER_B_Init)
    AX_ENCODER_B_SetCounter                  0x08000505   Thumb Code     8  ax_encoder.o(i.AX_ENCODER_B_SetCounter)
    AX_JTAG_Set                              0x0800050d   Thumb Code    38  ax_sys.o(i.AX_JTAG_Set)
    AX_MOTOR_A_SetSpeed                      0x0800053d   Thumb Code    82  ax_motor.o(i.AX_MOTOR_A_SetSpeed)
    AX_MOTOR_B_SetSpeed                      0x08000599   Thumb Code    88  ax_motor.o(i.AX_MOTOR_B_SetSpeed)
    AX_MOTOR_Init                            0x080005f9   Thumb Code   236  ax_motor.o(i.AX_MOTOR_Init)
    AX_PWM_INPUT_GetPercent                  0x080006f1   Thumb Code   104  ax_pwm_input.o(i.AX_PWM_INPUT_GetPercent)
    AX_PWM_INPUT_GetPulse                    0x08000759   Thumb Code    26  ax_pwm_input.o(i.AX_PWM_INPUT_GetPulse)
    AX_PWM_INPUT_Init                        0x0800077d   Thumb Code   172  ax_pwm_input.o(i.AX_PWM_INPUT_Init)
    AX_PWM_INPUT_IsValid                     0x08000831   Thumb Code    54  ax_pwm_input.o(i.AX_PWM_INPUT_IsValid)
    AX_UART_Init                             0x08000871   Thumb Code   118  ax_uart.o(i.AX_UART_Init)
    AX_VIN_GetVol_X100                       0x080008f1   Thumb Code    64  ax_vin.o(i.AX_VIN_GetVol_X100)
    AX_VIN_Init                              0x08000935   Thumb Code   144  ax_vin.o(i.AX_VIN_Init)
    AutoMode_Control                         0x080009cd   Thumb Code   176  main.o(i.AutoMode_Control)
    BusFault_Handler                         0x08000add   Thumb Code     4  stm32f10x_it.o(i.BusFault_Handler)
    CheckModeSwitch                          0x08000ae1   Thumb Code   138  main.o(i.CheckModeSwitch)
    DebugMon_Handler                         0x08000be1   Thumb Code     2  stm32f10x_it.o(i.DebugMon_Handler)
    DifferentialDrive_SetSpeed               0x08000c2d   Thumb Code    56  main.o(i.DifferentialDrive_SetSpeed)
    GPIO_Init                                0x08000c69   Thumb Code   278  stm32f10x_gpio.o(i.GPIO_Init)
    GPIO_ResetBits                           0x08000d7f   Thumb Code     4  stm32f10x_gpio.o(i.GPIO_ResetBits)
    GPIO_SetBits                             0x08000d83   Thumb Code     4  stm32f10x_gpio.o(i.GPIO_SetBits)
    HardFault_Handler                        0x08000d87   Thumb Code     4  stm32f10x_it.o(i.HardFault_Handler)
    MemManage_Handler                        0x08000d8b   Thumb Code     4  stm32f10x_it.o(i.MemManage_Handler)
    NMI_Handler                              0x08000d8f   Thumb Code     2  stm32f10x_it.o(i.NMI_Handler)
    NVIC_Init                                0x08000d91   Thumb Code   100  misc.o(i.NVIC_Init)
    PendSV_Handler                           0x08000e01   Thumb Code     2  stm32f10x_it.o(i.PendSV_Handler)
    RCC_ADCCLKConfig                         0x08000e05   Thumb Code    18  stm32f10x_rcc.o(i.RCC_ADCCLKConfig)
    RCC_APB1PeriphClockCmd                   0x08000e1d   Thumb Code    26  stm32f10x_rcc.o(i.RCC_APB1PeriphClockCmd)
    RCC_APB1PeriphResetCmd                   0x08000e3d   Thumb Code    26  stm32f10x_rcc.o(i.RCC_APB1PeriphResetCmd)
    RCC_APB2PeriphClockCmd                   0x08000e5d   Thumb Code    26  stm32f10x_rcc.o(i.RCC_APB2PeriphClockCmd)
    RCC_APB2PeriphResetCmd                   0x08000e7d   Thumb Code    26  stm32f10x_rcc.o(i.RCC_APB2PeriphResetCmd)
    RCC_GetClocksFreq                        0x08000e9d   Thumb Code   192  stm32f10x_rcc.o(i.RCC_GetClocksFreq)
    RCMode_Control                           0x08000f71   Thumb Code    92  main.o(i.RCMode_Control)
    RC_DifferentialControl                   0x08001005   Thumb Code    88  main.o(i.RC_DifferentialControl)
    SVC_Handler                              0x0800105d   Thumb Code     2  stm32f10x_it.o(i.SVC_Handler)
    SysTick_Handler                          0x08001149   Thumb Code    12  stm32f10x_it.o(i.SysTick_Handler)
    SystemInit                               0x08001159   Thumb Code    78  system_stm32f10x.o(i.SystemInit)
    TIM4_IRQHandler                          0x080013f9   Thumb Code   300  ax_pwm_input.o(i.TIM4_IRQHandler)
    TIM_ClearITPendingBit                    0x08001549   Thumb Code     6  stm32f10x_tim.o(i.TIM_ClearITPendingBit)
    TIM_Cmd                                  0x0800154f   Thumb Code    24  stm32f10x_tim.o(i.TIM_Cmd)
    TIM_CtrlPWMOutputs                       0x08001567   Thumb Code    30  stm32f10x_tim.o(i.TIM_CtrlPWMOutputs)
    TIM_DeInit                               0x08001585   Thumb Code   424  stm32f10x_tim.o(i.TIM_DeInit)
    TIM_EncoderInterfaceConfig               0x0800176d   Thumb Code    66  stm32f10x_tim.o(i.TIM_EncoderInterfaceConfig)
    TIM_GetCapture1                          0x080017af   Thumb Code     6  stm32f10x_tim.o(i.TIM_GetCapture1)
    TIM_GetCapture2                          0x080017b5   Thumb Code     6  stm32f10x_tim.o(i.TIM_GetCapture2)
    TIM_GetCounter                           0x080017bb   Thumb Code     6  stm32f10x_tim.o(i.TIM_GetCounter)
    TIM_GetITStatus                          0x080017c1   Thumb Code    34  stm32f10x_tim.o(i.TIM_GetITStatus)
    TIM_ICInit                               0x080017e5   Thumb Code   150  stm32f10x_tim.o(i.TIM_ICInit)
    TIM_ICStructInit                         0x08001891   Thumb Code    18  stm32f10x_tim.o(i.TIM_ICStructInit)
    TIM_ITConfig                             0x080018a3   Thumb Code    18  stm32f10x_tim.o(i.TIM_ITConfig)
    TIM_OC1Init                              0x080018b5   Thumb Code   132  stm32f10x_tim.o(i.TIM_OC1Init)
    TIM_OC1PolarityConfig                    0x0800194d   Thumb Code    18  stm32f10x_tim.o(i.TIM_OC1PolarityConfig)
    TIM_OC1PreloadConfig                     0x0800195f   Thumb Code    18  stm32f10x_tim.o(i.TIM_OC1PreloadConfig)
    TIM_OC2PolarityConfig                    0x08001971   Thumb Code    26  stm32f10x_tim.o(i.TIM_OC2PolarityConfig)
    TIM_OC4Init                              0x0800198d   Thumb Code   114  stm32f10x_tim.o(i.TIM_OC4Init)
    TIM_OC4PreloadConfig                     0x08001a09   Thumb Code    26  stm32f10x_tim.o(i.TIM_OC4PreloadConfig)
    TIM_SetCompare1                          0x08001a23   Thumb Code     4  stm32f10x_tim.o(i.TIM_SetCompare1)
    TIM_SetCompare4                          0x08001a27   Thumb Code     6  stm32f10x_tim.o(i.TIM_SetCompare4)
    TIM_SetIC1Prescaler                      0x08001a2d   Thumb Code    18  stm32f10x_tim.o(i.TIM_SetIC1Prescaler)
    TIM_SetIC2Prescaler                      0x08001a3f   Thumb Code    26  stm32f10x_tim.o(i.TIM_SetIC2Prescaler)
    TIM_SetIC3Prescaler                      0x08001a59   Thumb Code    18  stm32f10x_tim.o(i.TIM_SetIC3Prescaler)
    TIM_SetIC4Prescaler                      0x08001a6b   Thumb Code    26  stm32f10x_tim.o(i.TIM_SetIC4Prescaler)
    TIM_TimeBaseInit                         0x08001a85   Thumb Code   122  stm32f10x_tim.o(i.TIM_TimeBaseInit)
    TIM_TimeBaseStructInit                   0x08001b29   Thumb Code    18  stm32f10x_tim.o(i.TIM_TimeBaseStructInit)
    USART_Cmd                                0x08001b3b   Thumb Code    24  stm32f10x_usart.o(i.USART_Cmd)
    USART_GetFlagStatus                      0x08001b53   Thumb Code    26  stm32f10x_usart.o(i.USART_GetFlagStatus)
    USART_Init                               0x08001b6d   Thumb Code   210  stm32f10x_usart.o(i.USART_Init)
    USART_SendData                           0x08001c45   Thumb Code     8  stm32f10x_usart.o(i.USART_SendData)
    UsageFault_Handler                       0x08001c4d   Thumb Code     4  stm32f10x_it.o(i.UsageFault_Handler)
    __0printf$6                              0x08001c51   Thumb Code    22  printf6.o(i.__0printf$6)
    __1printf$6                              0x08001c51   Thumb Code     0  printf6.o(i.__0printf$6)
    __2printf                                0x08001c51   Thumb Code     0  printf6.o(i.__0printf$6)
    __scatterload_copy                       0x08001c71   Thumb Code    14  handlers.o(i.__scatterload_copy)
    __scatterload_null                       0x08001c7f   Thumb Code     2  handlers.o(i.__scatterload_null)
    __scatterload_zeroinit                   0x08001c81   Thumb Code    14  handlers.o(i.__scatterload_zeroinit)
    fputc                                    0x08001fd5   Thumb Code    32  ax_uart.o(i.fputc)
    main                                     0x08001ff9   Thumb Code   318  main.o(i.main)
    Region$$Table$$Base                      0x080022d4   Number         0  anon$$obj.o(Region$$Table)
    Region$$Table$$Limit                     0x080022f4   Number         0  anon$$obj.o(Region$$Table)
    encoder1                                 0x20000000   Data           2  main.o(.data)
    encoder2                                 0x20000002   Data           2  main.o(.data)
    adc_value                                0x20000004   Data           2  main.o(.data)
    control_mode                             0x20000006   Data           1  main.o(.data)
    auto_action                              0x20000007   Data           1  main.o(.data)
    auto_action_timer                        0x20000008   Data           4  main.o(.data)
    last_rc_time                             0x2000000c   Data           4  main.o(.data)
    SystemCoreClock                          0x20000014   Data           4  system_stm32f10x.o(.data)
    AHBPrescTable                            0x20000018   Data          16  system_stm32f10x.o(.data)
    uwTick                                   0x20000028   Data           4  ax_delay.o(.data)
    __stdout                                 0x20000058   Data           4  stdout.o(.data)
    __initial_sp                             0x20000460   Data           0  startup_stm32f10x_md.o(STACK)



==============================================================================

Memory Map of the image

  Image Entry point : 0x080000ed

  Load Region LR_IROM1 (Base: 0x08000000, Size: 0x00002350, Max: 0x00010000, ABSOLUTE)

    Execution Region ER_IROM1 (Exec base: 0x08000000, Load base: 0x08000000, Size: 0x000022f4, Max: 0x00010000, ABSOLUTE)

    Exec Addr    Load Addr    Size         Type   Attr      Idx    E Section Name        Object

    0x08000000   0x08000000   0x000000ec   Data   RO         3515    RESET               startup_stm32f10x_md.o
    0x080000ec   0x080000ec   0x00000000   Code   RO         3520  * .ARM.Collect$$$$00000000  mc_w.l(entry.o)
    0x080000ec   0x080000ec   0x00000004   Code   RO         3792    .ARM.Collect$$$$00000001  mc_w.l(entry2.o)
    0x080000f0   0x080000f0   0x00000004   Code   RO         3795    .ARM.Collect$$$$00000004  mc_w.l(entry5.o)
    0x080000f4   0x080000f4   0x00000000   Code   RO         3797    .ARM.Collect$$$$00000008  mc_w.l(entry7b.o)
    0x080000f4   0x080000f4   0x00000000   Code   RO         3799    .ARM.Collect$$$$0000000A  mc_w.l(entry8b.o)
    0x080000f4   0x080000f4   0x00000008   Code   RO         3800    .ARM.Collect$$$$0000000B  mc_w.l(entry9a.o)
    0x080000fc   0x080000fc   0x00000004   Code   RO         3807    .ARM.Collect$$$$0000000E  mc_w.l(entry12b.o)
    0x08000100   0x08000100   0x00000000   Code   RO         3802    .ARM.Collect$$$$0000000F  mc_w.l(entry10a.o)
    0x08000100   0x08000100   0x00000000   Code   RO         3804    .ARM.Collect$$$$00000011  mc_w.l(entry11a.o)
    0x08000100   0x08000100   0x00000004   Code   RO         3793    .ARM.Collect$$$$00002712  mc_w.l(entry2.o)
    0x08000104   0x08000104   0x00000024   Code   RO         3516    .text               startup_stm32f10x_md.o
    0x08000128   0x08000128   0x0000002c   Code   RO         3809    .text               mc_w.l(uidiv.o)
    0x08000154   0x08000154   0x00000024   Code   RO         3826    .text               mc_w.l(init.o)
    0x08000178   0x08000178   0x00000016   Code   RO          577    i.ADC_Cmd           stm32f10x_adc.o
    0x0800018e   0x0800018e   0x00000014   Code   RO          585    i.ADC_GetCalibrationStatus  stm32f10x_adc.o
    0x080001a2   0x080001a2   0x00000008   Code   RO          586    i.ADC_GetConversionValue  stm32f10x_adc.o
    0x080001aa   0x080001aa   0x00000012   Code   RO          588    i.ADC_GetFlagStatus  stm32f10x_adc.o
    0x080001bc   0x080001bc   0x00000014   Code   RO          591    i.ADC_GetResetCalibrationStatus  stm32f10x_adc.o
    0x080001d0   0x080001d0   0x00000050   Code   RO          595    i.ADC_Init          stm32f10x_adc.o
    0x08000220   0x08000220   0x000000b8   Code   RO          599    i.ADC_RegularChannelConfig  stm32f10x_adc.o
    0x080002d8   0x080002d8   0x0000000a   Code   RO          600    i.ADC_ResetCalibration  stm32f10x_adc.o
    0x080002e2   0x080002e2   0x00000016   Code   RO          602    i.ADC_SoftwareStartConvCmd  stm32f10x_adc.o
    0x080002f8   0x080002f8   0x0000000a   Code   RO          604    i.ADC_StartCalibration  stm32f10x_adc.o
    0x08000302   0x08000302   0x00000002   PAD
    0x08000304   0x08000304   0x0000000c   Code   RO          258    i.AX_DELAY_GetTick  ax_delay.o
    0x08000310   0x08000310   0x00000060   Code   RO          259    i.AX_DELAY_Init     ax_delay.o
    0x08000370   0x08000370   0x00000038   Code   RO          260    i.AX_Delayms        ax_delay.o
    0x080003a8   0x080003a8   0x00000010   Code   RO          303    i.AX_ENCODER_A_GetCounter  ax_encoder.o
    0x080003b8   0x080003b8   0x00000098   Code   RO          304    i.AX_ENCODER_A_Init  ax_encoder.o
    0x08000450   0x08000450   0x0000000c   Code   RO          305    i.AX_ENCODER_A_SetCounter  ax_encoder.o
    0x0800045c   0x0800045c   0x0000000c   Code   RO          306    i.AX_ENCODER_B_GetCounter  ax_encoder.o
    0x08000468   0x08000468   0x0000009c   Code   RO          307    i.AX_ENCODER_B_Init  ax_encoder.o
    0x08000504   0x08000504   0x00000008   Code   RO          308    i.AX_ENCODER_B_SetCounter  ax_encoder.o
    0x0800050c   0x0800050c   0x00000030   Code   RO          369    i.AX_JTAG_Set       ax_sys.o
    0x0800053c   0x0800053c   0x0000005c   Code   RO          345    i.AX_MOTOR_A_SetSpeed  ax_motor.o
    0x08000598   0x08000598   0x00000060   Code   RO          346    i.AX_MOTOR_B_SetSpeed  ax_motor.o
    0x080005f8   0x080005f8   0x000000f8   Code   RO          347    i.AX_MOTOR_Init     ax_motor.o
    0x080006f0   0x080006f0   0x00000068   Code   RO          423    i.AX_PWM_INPUT_GetPercent  ax_pwm_input.o
    0x08000758   0x08000758   0x00000024   Code   RO          424    i.AX_PWM_INPUT_GetPulse  ax_pwm_input.o
    0x0800077c   0x0800077c   0x000000b4   Code   RO          425    i.AX_PWM_INPUT_Init  ax_pwm_input.o
    0x08000830   0x08000830   0x00000040   Code   RO          426    i.AX_PWM_INPUT_IsValid  ax_pwm_input.o
    0x08000870   0x08000870   0x00000080   Code   RO          381    i.AX_UART_Init      ax_uart.o
    0x080008f0   0x080008f0   0x00000044   Code   RO          405    i.AX_VIN_GetVol_X100  ax_vin.o
    0x08000934   0x08000934   0x00000098   Code   RO          406    i.AX_VIN_Init       ax_vin.o
    0x080009cc   0x080009cc   0x00000110   Code   RO            1    i.AutoMode_Control  main.o
    0x08000adc   0x08000adc   0x00000004   Code   RO          160    i.BusFault_Handler  stm32f10x_it.o
    0x08000ae0   0x08000ae0   0x00000100   Code   RO            2    i.CheckModeSwitch   main.o
    0x08000be0   0x08000be0   0x00000002   Code   RO          161    i.DebugMon_Handler  stm32f10x_it.o
    0x08000be2   0x08000be2   0x00000048   Code   RO          262    i.Delay_ms          ax_delay.o
    0x08000c2a   0x08000c2a   0x00000002   PAD
    0x08000c2c   0x08000c2c   0x0000003c   Code   RO            3    i.DifferentialDrive_SetSpeed  main.o
    0x08000c68   0x08000c68   0x00000116   Code   RO         1686    i.GPIO_Init         stm32f10x_gpio.o
    0x08000d7e   0x08000d7e   0x00000004   Code   RO         1693    i.GPIO_ResetBits    stm32f10x_gpio.o
    0x08000d82   0x08000d82   0x00000004   Code   RO         1694    i.GPIO_SetBits      stm32f10x_gpio.o
    0x08000d86   0x08000d86   0x00000004   Code   RO          162    i.HardFault_Handler  stm32f10x_it.o
    0x08000d8a   0x08000d8a   0x00000004   Code   RO          163    i.MemManage_Handler  stm32f10x_it.o
    0x08000d8e   0x08000d8e   0x00000002   Code   RO          164    i.NMI_Handler       stm32f10x_it.o
    0x08000d90   0x08000d90   0x00000070   Code   RO          535    i.NVIC_Init         misc.o
    0x08000e00   0x08000e00   0x00000002   Code   RO          165    i.PendSV_Handler    stm32f10x_it.o
    0x08000e02   0x08000e02   0x00000002   PAD
    0x08000e04   0x08000e04   0x00000018   Code   RO         2100    i.RCC_ADCCLKConfig  stm32f10x_rcc.o
    0x08000e1c   0x08000e1c   0x00000020   Code   RO         2102    i.RCC_APB1PeriphClockCmd  stm32f10x_rcc.o
    0x08000e3c   0x08000e3c   0x00000020   Code   RO         2103    i.RCC_APB1PeriphResetCmd  stm32f10x_rcc.o
    0x08000e5c   0x08000e5c   0x00000020   Code   RO         2104    i.RCC_APB2PeriphClockCmd  stm32f10x_rcc.o
    0x08000e7c   0x08000e7c   0x00000020   Code   RO         2105    i.RCC_APB2PeriphResetCmd  stm32f10x_rcc.o
    0x08000e9c   0x08000e9c   0x000000d4   Code   RO         2112    i.RCC_GetClocksFreq  stm32f10x_rcc.o
    0x08000f70   0x08000f70   0x00000094   Code   RO            4    i.RCMode_Control    main.o
    0x08001004   0x08001004   0x00000058   Code   RO            5    i.RC_DifferentialControl  main.o
    0x0800105c   0x0800105c   0x00000002   Code   RO          166    i.SVC_Handler       stm32f10x_it.o
    0x0800105e   0x0800105e   0x00000008   Code   RO          224    i.SetSysClock       system_stm32f10x.o
    0x08001066   0x08001066   0x00000002   PAD
    0x08001068   0x08001068   0x000000e0   Code   RO          225    i.SetSysClockTo72   system_stm32f10x.o
    0x08001148   0x08001148   0x00000010   Code   RO          167    i.SysTick_Handler   stm32f10x_it.o
    0x08001158   0x08001158   0x00000060   Code   RO          227    i.SystemInit        system_stm32f10x.o
    0x080011b8   0x080011b8   0x00000080   Code   RO         2720    i.TI1_Config        stm32f10x_tim.o
    0x08001238   0x08001238   0x00000098   Code   RO         2721    i.TI2_Config        stm32f10x_tim.o
    0x080012d0   0x080012d0   0x00000090   Code   RO         2722    i.TI3_Config        stm32f10x_tim.o
    0x08001360   0x08001360   0x00000098   Code   RO         2723    i.TI4_Config        stm32f10x_tim.o
    0x080013f8   0x080013f8   0x00000150   Code   RO          427    i.TIM4_IRQHandler   ax_pwm_input.o
    0x08001548   0x08001548   0x00000006   Code   RO         2731    i.TIM_ClearITPendingBit  stm32f10x_tim.o
    0x0800154e   0x0800154e   0x00000018   Code   RO         2736    i.TIM_Cmd           stm32f10x_tim.o
    0x08001566   0x08001566   0x0000001e   Code   RO         2738    i.TIM_CtrlPWMOutputs  stm32f10x_tim.o
    0x08001584   0x08001584   0x000001e8   Code   RO         2741    i.TIM_DeInit        stm32f10x_tim.o
    0x0800176c   0x0800176c   0x00000042   Code   RO         2745    i.TIM_EncoderInterfaceConfig  stm32f10x_tim.o
    0x080017ae   0x080017ae   0x00000006   Code   RO         2751    i.TIM_GetCapture1   stm32f10x_tim.o
    0x080017b4   0x080017b4   0x00000006   Code   RO         2752    i.TIM_GetCapture2   stm32f10x_tim.o
    0x080017ba   0x080017ba   0x00000006   Code   RO         2755    i.TIM_GetCounter    stm32f10x_tim.o
    0x080017c0   0x080017c0   0x00000022   Code   RO         2757    i.TIM_GetITStatus   stm32f10x_tim.o
    0x080017e2   0x080017e2   0x00000002   PAD
    0x080017e4   0x080017e4   0x000000ac   Code   RO         2759    i.TIM_ICInit        stm32f10x_tim.o
    0x08001890   0x08001890   0x00000012   Code   RO         2760    i.TIM_ICStructInit  stm32f10x_tim.o
    0x080018a2   0x080018a2   0x00000012   Code   RO         2761    i.TIM_ITConfig      stm32f10x_tim.o
    0x080018b4   0x080018b4   0x00000098   Code   RO         2765    i.TIM_OC1Init       stm32f10x_tim.o
    0x0800194c   0x0800194c   0x00000012   Code   RO         2767    i.TIM_OC1PolarityConfig  stm32f10x_tim.o
    0x0800195e   0x0800195e   0x00000012   Code   RO         2768    i.TIM_OC1PreloadConfig  stm32f10x_tim.o
    0x08001970   0x08001970   0x0000001a   Code   RO         2772    i.TIM_OC2PolarityConfig  stm32f10x_tim.o
    0x0800198a   0x0800198a   0x00000002   PAD
    0x0800198c   0x0800198c   0x0000007c   Code   RO         2780    i.TIM_OC4Init       stm32f10x_tim.o
    0x08001a08   0x08001a08   0x0000001a   Code   RO         2782    i.TIM_OC4PreloadConfig  stm32f10x_tim.o
    0x08001a22   0x08001a22   0x00000004   Code   RO         2797    i.TIM_SetCompare1   stm32f10x_tim.o
    0x08001a26   0x08001a26   0x00000006   Code   RO         2800    i.TIM_SetCompare4   stm32f10x_tim.o
    0x08001a2c   0x08001a2c   0x00000012   Code   RO         2802    i.TIM_SetIC1Prescaler  stm32f10x_tim.o
    0x08001a3e   0x08001a3e   0x0000001a   Code   RO         2803    i.TIM_SetIC2Prescaler  stm32f10x_tim.o
    0x08001a58   0x08001a58   0x00000012   Code   RO         2804    i.TIM_SetIC3Prescaler  stm32f10x_tim.o
    0x08001a6a   0x08001a6a   0x0000001a   Code   RO         2805    i.TIM_SetIC4Prescaler  stm32f10x_tim.o
    0x08001a84   0x08001a84   0x000000a4   Code   RO         2807    i.TIM_TimeBaseInit  stm32f10x_tim.o
    0x08001b28   0x08001b28   0x00000012   Code   RO         2808    i.TIM_TimeBaseStructInit  stm32f10x_tim.o
    0x08001b3a   0x08001b3a   0x00000018   Code   RO         3272    i.USART_Cmd         stm32f10x_usart.o
    0x08001b52   0x08001b52   0x0000001a   Code   RO         3275    i.USART_GetFlagStatus  stm32f10x_usart.o
    0x08001b6c   0x08001b6c   0x000000d8   Code   RO         3279    i.USART_Init        stm32f10x_usart.o
    0x08001c44   0x08001c44   0x00000008   Code   RO         3289    i.USART_SendData    stm32f10x_usart.o
    0x08001c4c   0x08001c4c   0x00000004   Code   RO          168    i.UsageFault_Handler  stm32f10x_it.o
    0x08001c50   0x08001c50   0x00000020   Code   RO         3678    i.__0printf$6       mc_w.l(printf6.o)
    0x08001c70   0x08001c70   0x0000000e   Code   RO         3838    i.__scatterload_copy  mc_w.l(handlers.o)
    0x08001c7e   0x08001c7e   0x00000002   Code   RO         3839    i.__scatterload_null  mc_w.l(handlers.o)
    0x08001c80   0x08001c80   0x0000000e   Code   RO         3840    i.__scatterload_zeroinit  mc_w.l(handlers.o)
    0x08001c8e   0x08001c8e   0x00000002   PAD
    0x08001c90   0x08001c90   0x000002f0   Code   RO         3685    i._printf_core      mc_w.l(printf6.o)
    0x08001f80   0x08001f80   0x00000024   Code   RO         3686    i._printf_post_padding  mc_w.l(printf6.o)
    0x08001fa4   0x08001fa4   0x0000002e   Code   RO         3687    i._printf_pre_padding  mc_w.l(printf6.o)
    0x08001fd2   0x08001fd2   0x00000002   PAD
    0x08001fd4   0x08001fd4   0x00000024   Code   RO          383    i.fputc             ax_uart.o
    0x08001ff8   0x08001ff8   0x000002dc   Code   RO            6    i.main              main.o
    0x080022d4   0x080022d4   0x00000020   Data   RO         3836    Region$$Table       anon$$obj.o


    Execution Region RW_IRAM1 (Exec base: 0x20000000, Load base: 0x080022f4, Size: 0x00000460, Max: 0x00005000, ABSOLUTE)

    Exec Addr    Load Addr    Size         Type   Attr      Idx    E Section Name        Object

    0x20000000   0x080022f4   0x00000011   Data   RW            7    .data               main.o
    0x20000011   0x08002305   0x00000003   PAD
    0x20000014   0x08002308   0x00000014   Data   RW          228    .data               system_stm32f10x.o
    0x20000028   0x0800231c   0x00000004   Data   RW          263    .data               ax_delay.o
    0x2000002c   0x08002320   0x00000016   Data   RW          428    .data               ax_pwm_input.o
    0x20000042   0x08002336   0x00000014   Data   RW         2132    .data               stm32f10x_rcc.o
    0x20000056   0x0800234a   0x00000002   PAD
    0x20000058   0x0800234c   0x00000004   Data   RW         3808    .data               mc_w.l(stdout.o)
    0x2000005c   0x08002350   0x00000004   PAD
    0x20000060        -       0x00000400   Zero   RW         3513    STACK               startup_stm32f10x_md.o


==============================================================================

Image component sizes


      Code (inc. data)   RO Data    RW Data    ZI Data      Debug   Object Name

       236         18          0          4          0      17776   ax_delay.o
       356         28          0          0          0       3140   ax_encoder.o
       436         30          0          0          0       1816   ax_motor.o
       720         64          0         22          0       3947   ax_pwm_input.o
        48         10          0          0          0        454   ax_sys.o
       164         14          0          0          0       1155   ax_uart.o
       220         12          0          0          0       1099   ax_vin.o
         0          0          0          0          0         32   core_cm3.o
      1556        694          0         17          0     267445   main.o
       112         12          0          0          0       1080   misc.o
        36          8        236          0       1024        880   startup_stm32f10x_md.o
       394         10          0          0          0       8273   stm32f10x_adc.o
       286          0          0          0          0       3132   stm32f10x_gpio.o
        40          4          0          0          0       3674   stm32f10x_it.o
       364         50          0         20          0       6279   stm32f10x_rcc.o
      2094        244          0          0          0      19889   stm32f10x_tim.o
       274          6          0          0          0       4140   stm32f10x_usart.o
       328         28          0         20          0       2097   system_stm32f10x.o

    ----------------------------------------------------------------------
      7676       1232        268         88       1024     346308   Object Totals
         0          0         32          0          0          0   (incl. Generated)
        12          0          0          5          0          0   (incl. Padding)

    ----------------------------------------------------------------------

      Code (inc. data)   RO Data    RW Data    ZI Data      Debug   Library Member Name

         0          0          0          0          0          0   entry.o
         0          0          0          0          0          0   entry10a.o
         0          0          0          0          0          0   entry11a.o
         4          0          0          0          0          0   entry12b.o
         8          4          0          0          0          0   entry2.o
         4          0          0          0          0          0   entry5.o
         0          0          0          0          0          0   entry7b.o
         0          0          0          0          0          0   entry8b.o
         8          4          0          0          0          0   entry9a.o
        30          0          0          0          0          0   handlers.o
        36          8          0          0          0         68   init.o
       866         14          0          0          0        352   printf6.o
         0          0          0          4          0          0   stdout.o
        44          0          0          0          0         80   uidiv.o

    ----------------------------------------------------------------------
      1004         30          0          4          4        500   Library Totals
         4          0          0          0          4          0   (incl. Padding)

    ----------------------------------------------------------------------

      Code (inc. data)   RO Data    RW Data    ZI Data      Debug   Library Name

      1000         30          0          4          0        500   mc_w.l

    ----------------------------------------------------------------------
      1004         30          0          4          4        500   Library Totals

    ----------------------------------------------------------------------

==============================================================================


      Code (inc. data)   RO Data    RW Data    ZI Data      Debug   

      8680       1262        268         92       1028     342072   Grand Totals
      8680       1262        268         92       1028     342072   ELF Image Totals
      8680       1262        268         92          0          0   ROM Totals

==============================================================================

    Total RO  Size (Code + RO Data)                 8948 (   8.74kB)
    Total RW  Size (RW Data + ZI Data)              1120 (   1.09kB)
    Total ROM Size (Code + RO Data + RW Data)       9040 (   8.83kB)

==============================================================================

